Archive member included to satisfy reference by file (symbol)

/home/arthurdent/Programs/gcc-arm-none-eabi-6-2017-q1-update/bin/../lib/gcc/arm-none-eabi/6.3.1/../../../../arm-none-eabi/lib/thumb/v6-m/libc_nano.a(lib_a-exit.o)
                              /home/arthurdent/Programs/gcc-arm-none-eabi-6-2017-q1-update/bin/../lib/gcc/arm-none-eabi/6.3.1/../../../../arm-none-eabi/lib/thumb/v6-m/crt0.o (exit)
/home/arthurdent/Programs/gcc-arm-none-eabi-6-2017-q1-update/bin/../lib/gcc/arm-none-eabi/6.3.1/../../../../arm-none-eabi/lib/thumb/v6-m/libc_nano.a(lib_a-impure.o)
                              /home/arthurdent/Programs/gcc-arm-none-eabi-6-2017-q1-update/bin/../lib/gcc/arm-none-eabi/6.3.1/../../../../arm-none-eabi/lib/thumb/v6-m/libc_nano.a(lib_a-exit.o) (_global_impure_ptr)
/home/arthurdent/Programs/gcc-arm-none-eabi-6-2017-q1-update/bin/../lib/gcc/arm-none-eabi/6.3.1/../../../../arm-none-eabi/lib/thumb/v6-m/libc_nano.a(lib_a-init.o)
                              /home/arthurdent/Programs/gcc-arm-none-eabi-6-2017-q1-update/bin/../lib/gcc/arm-none-eabi/6.3.1/../../../../arm-none-eabi/lib/thumb/v6-m/crt0.o (__libc_init_array)
/home/arthurdent/Programs/gcc-arm-none-eabi-6-2017-q1-update/bin/../lib/gcc/arm-none-eabi/6.3.1/../../../../arm-none-eabi/lib/thumb/v6-m/libc_nano.a(lib_a-memcpy-stub.o)
                              build/stm32f0xx_hal_rcc.o (memcpy)
/home/arthurdent/Programs/gcc-arm-none-eabi-6-2017-q1-update/bin/../lib/gcc/arm-none-eabi/6.3.1/../../../../arm-none-eabi/lib/thumb/v6-m/libc_nano.a(lib_a-memset.o)
                              /home/arthurdent/Programs/gcc-arm-none-eabi-6-2017-q1-update/bin/../lib/gcc/arm-none-eabi/6.3.1/../../../../arm-none-eabi/lib/thumb/v6-m/crt0.o (memset)
/home/arthurdent/Programs/gcc-arm-none-eabi-6-2017-q1-update/bin/../lib/gcc/arm-none-eabi/6.3.1/../../../../arm-none-eabi/lib/thumb/v6-m/libc_nano.a(lib_a-printf.o)
                              build/main.o (printf)
/home/arthurdent/Programs/gcc-arm-none-eabi-6-2017-q1-update/bin/../lib/gcc/arm-none-eabi/6.3.1/../../../../arm-none-eabi/lib/thumb/v6-m/libc_nano.a(lib_a-puts.o)
                              build/main.o (puts)
/home/arthurdent/Programs/gcc-arm-none-eabi-6-2017-q1-update/bin/../lib/gcc/arm-none-eabi/6.3.1/../../../../arm-none-eabi/lib/thumb/v6-m/libc_nano.a(lib_a-reent.o)
                              build/syscalls.o (errno)
/home/arthurdent/Programs/gcc-arm-none-eabi-6-2017-q1-update/bin/../lib/gcc/arm-none-eabi/6.3.1/../../../../arm-none-eabi/lib/thumb/v6-m/libc_nano.a(lib_a-wbuf.o)
                              /home/arthurdent/Programs/gcc-arm-none-eabi-6-2017-q1-update/bin/../lib/gcc/arm-none-eabi/6.3.1/../../../../arm-none-eabi/lib/thumb/v6-m/libc_nano.a(lib_a-puts.o) (__swbuf_r)
/home/arthurdent/Programs/gcc-arm-none-eabi-6-2017-q1-update/bin/../lib/gcc/arm-none-eabi/6.3.1/../../../../arm-none-eabi/lib/thumb/v6-m/libc_nano.a(lib_a-wsetup.o)
                              /home/arthurdent/Programs/gcc-arm-none-eabi-6-2017-q1-update/bin/../lib/gcc/arm-none-eabi/6.3.1/../../../../arm-none-eabi/lib/thumb/v6-m/libc_nano.a(lib_a-puts.o) (__swsetup_r)
/home/arthurdent/Programs/gcc-arm-none-eabi-6-2017-q1-update/bin/../lib/gcc/arm-none-eabi/6.3.1/../../../../arm-none-eabi/lib/thumb/v6-m/libc_nano.a(lib_a-fflush.o)
                              /home/arthurdent/Programs/gcc-arm-none-eabi-6-2017-q1-update/bin/../lib/gcc/arm-none-eabi/6.3.1/../../../../arm-none-eabi/lib/thumb/v6-m/libc_nano.a(lib_a-wbuf.o) (_fflush_r)
/home/arthurdent/Programs/gcc-arm-none-eabi-6-2017-q1-update/bin/../lib/gcc/arm-none-eabi/6.3.1/../../../../arm-none-eabi/lib/thumb/v6-m/libc_nano.a(lib_a-findfp.o)
                              /home/arthurdent/Programs/gcc-arm-none-eabi-6-2017-q1-update/bin/../lib/gcc/arm-none-eabi/6.3.1/../../../../arm-none-eabi/lib/thumb/v6-m/libc_nano.a(lib_a-printf.o) (__sinit)
/home/arthurdent/Programs/gcc-arm-none-eabi-6-2017-q1-update/bin/../lib/gcc/arm-none-eabi/6.3.1/../../../../arm-none-eabi/lib/thumb/v6-m/libc_nano.a(lib_a-fwalk.o)
                              /home/arthurdent/Programs/gcc-arm-none-eabi-6-2017-q1-update/bin/../lib/gcc/arm-none-eabi/6.3.1/../../../../arm-none-eabi/lib/thumb/v6-m/libc_nano.a(lib_a-findfp.o) (_fwalk)
/home/arthurdent/Programs/gcc-arm-none-eabi-6-2017-q1-update/bin/../lib/gcc/arm-none-eabi/6.3.1/../../../../arm-none-eabi/lib/thumb/v6-m/libc_nano.a(lib_a-makebuf.o)
                              /home/arthurdent/Programs/gcc-arm-none-eabi-6-2017-q1-update/bin/../lib/gcc/arm-none-eabi/6.3.1/../../../../arm-none-eabi/lib/thumb/v6-m/libc_nano.a(lib_a-wsetup.o) (__smakebuf_r)
/home/arthurdent/Programs/gcc-arm-none-eabi-6-2017-q1-update/bin/../lib/gcc/arm-none-eabi/6.3.1/../../../../arm-none-eabi/lib/thumb/v6-m/libc_nano.a(lib_a-nano-freer.o)
                              /home/arthurdent/Programs/gcc-arm-none-eabi-6-2017-q1-update/bin/../lib/gcc/arm-none-eabi/6.3.1/../../../../arm-none-eabi/lib/thumb/v6-m/libc_nano.a(lib_a-reent.o) (_free_r)
[...]
Memory Configuration

Name             Origin             Length             Attributes
RAM              0x0000000020000000 0x0000000000001000 xrw
FLASH            0x0000000008000000 0x0000000000004000 xr
*default*        0x0000000000000000 0xffffffffffffffff

Linker script and memory map

LOAD /home/arthurdent/Programs/gcc-arm-none-eabi-6-2017-q1-update/bin/../lib/gcc/arm-none-eabi/6.3.1/thumb/v6-m/crti.o
LOAD /home/arthurdent/Programs/gcc-arm-none-eabi-6-2017-q1-update/bin/../lib/gcc/arm-none-eabi/6.3.1/thumb/v6-m/crtbegin.o
LOAD /home/arthurdent/Programs/gcc-arm-none-eabi-6-2017-q1-update/bin/../lib/gcc/arm-none-eabi/6.3.1/../../../../arm-none-eabi/lib/thumb/v6-m/crt0.o
LOAD build/stm32f0xx_hal_adc.o
LOAD build/stm32f0xx_hal_rcc_ex.o
LOAD build/stm32f0xx_hal_dma.o
LOAD build/stm32f0xx_hal.o
LOAD build/stm32f0xx_hal_pwr_ex.o
LOAD build/stm32f0xx_hal_flash.o
LOAD build/stm32f0xx_hal_flash_ex.o
LOAD build/stm32f0xx_hal_adc_ex.o
LOAD build/stm32f0xx_hal_rcc.o
LOAD build/stm32f0xx_hal_tim.o
LOAD build/system_stm32f0xx.o
LOAD build/stm32f0xx_hal_pwr.o
LOAD build/stm32f0xx_hal_msp.o
LOAD build/stm32f0xx_hal_i2c_ex.o
LOAD build/stm32f0xx_hal_gpio.o
LOAD build/stm32f0xx_hal_cortex.o
LOAD build/stm32f0xx_it.o
LOAD build/stm32f0xx_hal_i2c.o
LOAD build/syscalls.o
LOAD build/main.o
LOAD build/stm32f0xx_hal_tim_ex.o
LOAD build/stm32f0xx_hal_uart_ex.o
LOAD build/stm32f0xx_hal_uart.o
LOAD build/stm32f0xx_hal_iwdg.o
LOAD build/startup_stm32f030x6.o
LOAD /home/arthurdent/Programs/gcc-arm-none-eabi-6-2017-q1-update/bin/../lib/gcc/arm-none-eabi/6.3.1/../../../../arm-none-eabi/lib/thumb/v6-m/libc_nano.a
LOAD /home/arthurdent/Programs/gcc-arm-none-eabi-6-2017-q1-update/bin/../lib/gcc/arm-none-eabi/6.3.1/../../../../arm-none-eabi/lib/thumb/v6-m/libm.a
LOAD /home/arthurdent/Programs/gcc-arm-none-eabi-6-2017-q1-update/bin/../lib/gcc/arm-none-eabi/6.3.1/../../../../arm-none-eabi/lib/thumb/v6-m/libnosys.a
START GROUP
LOAD /home/arthurdent/Programs/gcc-arm-none-eabi-6-2017-q1-update/bin/../lib/gcc/arm-none-eabi/6.3.1/thumb/v6-m/libgcc.a
LOAD /home/arthurdent/Programs/gcc-arm-none-eabi-6-2017-q1-update/bin/../lib/gcc/arm-none-eabi/6.3.1/../../../../arm-none-eabi/lib/thumb/v6-m/libc_nano.a
END GROUP
START GROUP
LOAD /home/arthurdent/Programs/gcc-arm-none-eabi-6-2017-q1-update/bin/../lib/gcc/arm-none-eabi/6.3.1/thumb/v6-m/libgcc.a
LOAD /home/arthurdent/Programs/gcc-arm-none-eabi-6-2017-q1-update/bin/../lib/gcc/arm-none-eabi/6.3.1/../../../../arm-none-eabi/lib/thumb/v6-m/libc_nano.a
END GROUP
LOAD /home/arthurdent/Programs/gcc-arm-none-eabi-6-2017-q1-update/bin/../lib/gcc/arm-none-eabi/6.3.1/thumb/v6-m/crtend.o
LOAD /home/arthurdent/Programs/gcc-arm-none-eabi-6-2017-q1-update/bin/../lib/gcc/arm-none-eabi/6.3.1/thumb/v6-m/crtn.o
                0x0000000020001000                _estack = 0x20001000
                0x0000000000000200                _Min_Heap_Size = 0x200
                0x0000000000000400                _Min_Stack_Size = 0x400

.isr_vector     0x0000000008000000       0xc0
                0x0000000008000000                . = ALIGN (0x4)
 *(.isr_vector)
 .isr_vector    0x0000000008000000       0xc0 build/startup_stm32f030x6.o
                0x0000000008000000                g_pfnVectors
                0x00000000080000c0                . = ALIGN (0x4)

.text           0x00000000080000c0     0x398c
                0x00000000080000c0                . = ALIGN (0x4)
 *(.text)
 .text          0x00000000080000c0       0x60 /home/arthurdent/Programs/gcc-arm-none-eabi-6-2017-q1-update/bin/../lib/gcc/arm-none-eabi/6.3.1/thumb/v6-m/crtbegin.o
 .text          0x0000000008000120       0x14 /home/arthurdent/Programs/gcc-arm-none-eabi-6-2017-q1-update/bin/../lib/gcc/arm-none-eabi/6.3.1/thumb/v6-m/libgcc.a(_thumb1_case_uqi.o)
                0x0000000008000120                __gnu_thumb1_case_uqi
 .text          0x0000000008000134      0x114 /home/arthurdent/Programs/gcc-arm-none-eabi-6-2017-q1-update/bin/../lib/gcc/arm-none-eabi/6.3.1/thumb/v6-m/libgcc.a(_udivsi3.o)
                0x0000000008000134                __udivsi3
                0x0000000008000134                __aeabi_uidiv
                0x0000000008000240                __aeabi_uidivmod
 .text          0x0000000008000248        0x4 /home/arthurdent/Programs/gcc-arm-none-eabi-6-2017-q1-update/bin/../lib/gcc/arm-none-eabi/6.3.1/thumb/v6-m/libgcc.a(_dvmd_tls.o)
                0x0000000008000248                __aeabi_ldiv0
                0x0000000008000248                __aeabi_idiv0
 *(.text*)
 .text.ADC_Disable
                0x000000000800024c       0x72 build/stm32f0xx_hal_adc.o
 *fill*         0x00000000080002be        0x2 
 .text.ADC_Enable
                0x00000000080002c0       0x98 build/stm32f0xx_hal_adc.o
 .text.ADC_ConversionStop
                0x0000000008000358       0x52 build/stm32f0xx_hal_adc.o
 *fill*         0x00000000080003aa        0x2 
 .text.HAL_ADC_Init
                0x00000000080003ac      0x14c build/stm32f0xx_hal_adc.o
                0x00000000080003ac                HAL_ADC_Init
 .text.HAL_ADC_DeInit
                0x00000000080004f8       0x98 build/stm32f0xx_hal_adc.o
                0x00000000080004f8                HAL_ADC_DeInit
 .text.HAL_ADC_Start
                0x0000000008000590       0x58 build/stm32f0xx_hal_adc.o
                0x0000000008000590                HAL_ADC_Start
 .text.HAL_ADC_PollForConversion
                0x00000000080005e8       0xbc build/stm32f0xx_hal_adc.o
                0x00000000080005e8                HAL_ADC_PollForConversion
 .text.HAL_ADC_GetValue
                0x00000000080006a4        0x6 build/stm32f0xx_hal_adc.o
                0x00000000080006a4                HAL_ADC_GetValue
 *fill*         0x00000000080006aa        0x2 
 .text.HAL_ADC_ConfigChannel
                0x00000000080006ac       0xec build/stm32f0xx_hal_adc.o
                0x00000000080006ac                HAL_ADC_ConfigChannel
 .text.HAL_RCCEx_PeriphCLKConfig
                0x0000000008000798      0x108 build/stm32f0xx_hal_rcc_ex.o
                0x0000000008000798                HAL_RCCEx_PeriphCLKConfig
 .text.HAL_InitTick
                0x00000000080008a0       0x24 build/stm32f0xx_hal.o
                0x00000000080008a0                HAL_InitTick
 .text.HAL_Init
                0x00000000080008c4       0x20 build/stm32f0xx_hal.o
                0x00000000080008c4                HAL_Init
 .text.HAL_IncTick
                0x00000000080008e4       0x10 build/stm32f0xx_hal.o
                0x00000000080008e4                HAL_IncTick
 .text.HAL_GetTick
                0x00000000080008f4        0xc build/stm32f0xx_hal.o
                0x00000000080008f4                HAL_GetTick
 .text.HAL_Delay
                0x0000000008000900       0x20 build/stm32f0xx_hal.o
                0x0000000008000900                HAL_Delay
 .text.HAL_RCC_OscConfig
                0x0000000008000920      0x3c4 build/stm32f0xx_hal_rcc.o
                0x0000000008000920                HAL_RCC_OscConfig
 .text.HAL_RCC_GetSysClockFreq
                0x0000000008000ce4       0x64 build/stm32f0xx_hal_rcc.o
                0x0000000008000ce4                HAL_RCC_GetSysClockFreq
 .text.HAL_RCC_ClockConfig
                0x0000000008000d48      0x12c build/stm32f0xx_hal_rcc.o
                0x0000000008000d48                HAL_RCC_ClockConfig
 .text.HAL_RCC_GetHCLKFreq
                0x0000000008000e74        0xc build/stm32f0xx_hal_rcc.o
                0x0000000008000e74                HAL_RCC_GetHCLKFreq
 .text.HAL_RCC_GetPCLK1Freq
                0x0000000008000e80       0x20 build/stm32f0xx_hal_rcc.o
                0x0000000008000e80                HAL_RCC_GetPCLK1Freq
 .text.HAL_TIM_IC_MspInit
                0x0000000008000ea0        0x2 build/stm32f0xx_hal_tim.o
                0x0000000008000ea0                HAL_TIM_IC_MspInit
 *fill*         0x0000000008000ea2        0x2 
 .text.TIM_Base_SetConfig
                0x0000000008000ea4       0x80 build/stm32f0xx_hal_tim.o
                0x0000000008000ea4                TIM_Base_SetConfig
 .text.HAL_TIM_Base_Init
                0x0000000008000f24       0x36 build/stm32f0xx_hal_tim.o
                0x0000000008000f24                HAL_TIM_Base_Init
 .text.HAL_TIM_IC_Init
                0x0000000008000f5a       0x36 build/stm32f0xx_hal_tim.o
                0x0000000008000f5a                HAL_TIM_IC_Init
 .text.TIM_TI1_SetConfig
                0x0000000008000f90       0x48 build/stm32f0xx_hal_tim.o
                0x0000000008000f90                TIM_TI1_SetConfig
 .text.HAL_TIM_IC_ConfigChannel
                0x0000000008000fd8      0x13c build/stm32f0xx_hal_tim.o
                0x0000000008000fd8                HAL_TIM_IC_ConfigChannel
 .text.TIM_ETR_SetConfig
                0x0000000008001114       0x18 build/stm32f0xx_hal_tim.o
                0x0000000008001114                TIM_ETR_SetConfig
 .text.HAL_TIM_ConfigClockSource
                0x000000000800112c      0x168 build/stm32f0xx_hal_tim.o
                0x000000000800112c                HAL_TIM_ConfigClockSource
 .text.TIM_SlaveTimer_SetConfig
                0x0000000008001294       0xa4 build/stm32f0xx_hal_tim.o
 .text.HAL_TIM_SlaveConfigSynchronization
                0x0000000008001338       0x40 build/stm32f0xx_hal_tim.o
                0x0000000008001338                HAL_TIM_SlaveConfigSynchronization
 .text.SystemInit
                0x0000000008001378       0x60 build/system_stm32f0xx.o
                0x0000000008001378                SystemInit
 .text.HAL_MspInit
                0x00000000080013d8       0x3c build/stm32f0xx_hal_msp.o
                0x00000000080013d8                HAL_MspInit
 .text.HAL_ADC_MspInit
                0x0000000008001414       0x40 build/stm32f0xx_hal_msp.o
                0x0000000008001414                HAL_ADC_MspInit
 .text.HAL_ADC_MspDeInit
                0x0000000008001454       0x2c build/stm32f0xx_hal_msp.o
                0x0000000008001454                HAL_ADC_MspDeInit
 .text.HAL_I2C_MspInit
                0x0000000008001480       0x4c build/stm32f0xx_hal_msp.o
                0x0000000008001480                HAL_I2C_MspInit
 .text.HAL_TIM_Base_MspInit
                0x00000000080014cc       0x64 build/stm32f0xx_hal_msp.o
                0x00000000080014cc                HAL_TIM_Base_MspInit
 .text.HAL_UART_MspInit
                0x0000000008001530       0x48 build/stm32f0xx_hal_msp.o
                0x0000000008001530                HAL_UART_MspInit
 .text.HAL_I2CEx_ConfigAnalogFilter
                0x0000000008001578       0x4c build/stm32f0xx_hal_i2c_ex.o
                0x0000000008001578                HAL_I2CEx_ConfigAnalogFilter
 .text.HAL_I2CEx_ConfigDigitalFilter
                0x00000000080015c4       0x48 build/stm32f0xx_hal_i2c_ex.o
                0x00000000080015c4                HAL_I2CEx_ConfigDigitalFilter
 .text.HAL_GPIO_Init
                0x000000000800160c      0x160 build/stm32f0xx_hal_gpio.o
                0x000000000800160c                HAL_GPIO_Init
 .text.HAL_GPIO_DeInit
                0x000000000800176c       0xdc build/stm32f0xx_hal_gpio.o
                0x000000000800176c                HAL_GPIO_DeInit
 .text.HAL_GPIO_WritePin
                0x0000000008001848        0xc build/stm32f0xx_hal_gpio.o
                0x0000000008001848                HAL_GPIO_WritePin
 .text.HAL_NVIC_SetPriority
                0x0000000008001854       0x60 build/stm32f0xx_hal_cortex.o
                0x0000000008001854                HAL_NVIC_SetPriority
 .text.HAL_SYSTICK_Config
                0x00000000080018b4       0x34 build/stm32f0xx_hal_cortex.o
                0x00000000080018b4                HAL_SYSTICK_Config
 .text.HAL_SYSTICK_CLKSourceConfig
                0x00000000080018e8       0x1c build/stm32f0xx_hal_cortex.o
                0x00000000080018e8                HAL_SYSTICK_CLKSourceConfig
 .text.HAL_SYSTICK_Callback
                0x0000000008001904        0x2 build/stm32f0xx_hal_cortex.o
                0x0000000008001904                HAL_SYSTICK_Callback
 .text.HAL_SYSTICK_IRQHandler
                0x0000000008001906        0x8 build/stm32f0xx_hal_cortex.o
                0x0000000008001906                HAL_SYSTICK_IRQHandler
 .text.NMI_Handler
                0x000000000800190e        0x2 build/stm32f0xx_it.o
                0x000000000800190e                NMI_Handler
 .text.HardFault_Handler
                0x0000000008001910        0x2 build/stm32f0xx_it.o
                0x0000000008001910                HardFault_Handler
 .text.SVC_Handler
                0x0000000008001912        0x2 build/stm32f0xx_it.o
                0x0000000008001912                SVC_Handler
 .text.PendSV_Handler
                0x0000000008001914        0x2 build/stm32f0xx_it.o
                0x0000000008001914                PendSV_Handler
 .text.SysTick_Handler
                0x0000000008001916        0xc build/stm32f0xx_it.o
                0x0000000008001916                SysTick_Handler
 .text.I2C_Flush_TXDR
                0x0000000008001922       0x1c build/stm32f0xx_hal_i2c.o
 .text.I2C_WaitOnFlagUntilTimeout
                0x000000000800193e       0x4c build/stm32f0xx_hal_i2c.o
 *fill*         0x000000000800198a        0x2 
 .text.I2C_IsAcknowledgeFailed
                0x000000000800198c       0x80 build/stm32f0xx_hal_i2c.o
 .text.I2C_WaitOnTXISFlagUntilTimeout
                0x0000000008001a0c       0x5a build/stm32f0xx_hal_i2c.o
 *fill*         0x0000000008001a66        0x2 
 .text.I2C_WaitOnRXNEFlagUntilTimeout
                0x0000000008001a68       0x78 build/stm32f0xx_hal_i2c.o
 .text.I2C_WaitOnSTOPFlagUntilTimeout
                0x0000000008001ae0       0x56 build/stm32f0xx_hal_i2c.o
 *fill*         0x0000000008001b36        0x2 
 .text.HAL_I2C_Init
                0x0000000008001b38       0xac build/stm32f0xx_hal_i2c.o
                0x0000000008001b38                HAL_I2C_Init
 .text.HAL_I2C_Slave_Transmit
                0x0000000008001be4      0x158 build/stm32f0xx_hal_i2c.o
                0x0000000008001be4                HAL_I2C_Slave_Transmit
 .text.HAL_I2C_Slave_Receive
                0x0000000008001d3c      0x14c build/stm32f0xx_hal_i2c.o
                0x0000000008001d3c                HAL_I2C_Slave_Receive
 .text._sbrk    0x0000000008001e88       0x48 build/syscalls.o
                0x0000000008001e88                _sbrk
 .text._write   0x0000000008001ed0       0x1c build/syscalls.o
                0x0000000008001ed0                _write
 .text._close   0x0000000008001eec        0x6 build/syscalls.o
                0x0000000008001eec                _close
 .text._fstat   0x0000000008001ef2        0xa build/syscalls.o
                0x0000000008001ef2                _fstat
 .text._isatty  0x0000000008001efc        0x4 build/syscalls.o
                0x0000000008001efc                _isatty
 .text._lseek   0x0000000008001f00        0x4 build/syscalls.o
                0x0000000008001f00                _lseek
 .text._read    0x0000000008001f04       0x1c build/syscalls.o
                0x0000000008001f04                _read
 .text.__io_putchar
                0x0000000008001f20       0x1c build/main.o
                0x0000000008001f20                __io_putchar
 .text.wait_cycles
                0x0000000008001f3c       0x18 build/main.o
                0x0000000008001f3c                wait_cycles
 .text.chksum8  0x0000000008001f54       0x14 build/main.o
                0x0000000008001f54                chksum8
 .text.pulse_sensors
                0x0000000008001f68       0x24 build/main.o
                0x0000000008001f68                pulse_sensors
 .text.ground_electrode
                0x0000000008001f8c       0x32 build/main.o
                0x0000000008001f8c                ground_electrode
 .text.float_electrode
                0x0000000008001fbe       0x22 build/main.o
                0x0000000008001fbe                float_electrode
 .text.setup_salinity
                0x0000000008001fe0       0x32 build/main.o
                0x0000000008001fe0                setup_salinity
 .text.float_salinity
                0x0000000008002012       0x22 build/main.o
                0x0000000008002012                float_salinity
 .text.average_timer_value
                0x0000000008002034       0x48 build/main.o
                0x0000000008002034                average_timer_value
 .text.average_ADC_value
                0x000000000800207c       0x54 build/main.o
                0x000000000800207c                average_ADC_value
 .text._Error_Handler
                0x00000000080020d0       0x14 build/main.o
                0x00000000080020d0                _Error_Handler
 .text.MX_ADC_Init
                0x00000000080020e4       0x4c build/main.o
 .text.switch_adc_channel
                0x0000000008002130       0x40 build/main.o
                0x0000000008002130                switch_adc_channel
 .text.MX_I2C1_Init
                0x0000000008002170       0x78 build/main.o
 .text.SystemClock_Config
                0x00000000080021e8       0xa8 build/main.o
                0x00000000080021e8                SystemClock_Config
 .text.startup.main
                0x0000000008002290      0x380 build/main.o
                0x0000000008002290                main
 .text.HAL_TIMEx_MasterConfigSynchronization
                0x0000000008002610       0x42 build/stm32f0xx_hal_tim_ex.o
                0x0000000008002610                HAL_TIMEx_MasterConfigSynchronization
 *fill*         0x0000000008002652        0x2 
 .text.UART_SetConfig
                0x0000000008002654      0x108 build/stm32f0xx_hal_uart.o
                0x0000000008002654                UART_SetConfig
 .text.UART_AdvFeatureConfig
                0x000000000800275c       0xd0 build/stm32f0xx_hal_uart.o
                0x000000000800275c                UART_AdvFeatureConfig
 .text.HAL_HalfDuplex_Init
                0x000000000800282c       0x78 build/stm32f0xx_hal_uart.o
                0x000000000800282c                HAL_HalfDuplex_Init
 .text.UART_WaitOnFlagUntilTimeout
                0x00000000080028a4       0x64 build/stm32f0xx_hal_uart.o
                0x00000000080028a4                UART_WaitOnFlagUntilTimeout
 .text.HAL_UART_Transmit
                0x0000000008002908       0xcc build/stm32f0xx_hal_uart.o
                0x0000000008002908                HAL_UART_Transmit
 .text.HAL_IWDG_Init
                0x00000000080029d4       0x58 build/stm32f0xx_hal_iwdg.o
                0x00000000080029d4                HAL_IWDG_Init
 .text.HAL_IWDG_Refresh
                0x0000000008002a2c       0x10 build/stm32f0xx_hal_iwdg.o
                0x0000000008002a2c                HAL_IWDG_Refresh
 .text.Reset_Handler
                0x0000000008002a3c       0x50 build/startup_stm32f030x6.o
                0x0000000008002a3c                Reset_Handler
 .text.Default_Handler
                0x0000000008002a8c        0x2 build/startup_stm32f030x6.o
                0x0000000008002a8c                TIM1_CC_IRQHandler
                0x0000000008002a8c                I2C1_IRQHandler
                0x0000000008002a8c                SPI1_IRQHandler
                0x0000000008002a8c                EXTI2_3_IRQHandler
                0x0000000008002a8c                ADC1_IRQHandler
                0x0000000008002a8c                TIM17_IRQHandler
                0x0000000008002a8c                RTC_IRQHandler
                0x0000000008002a8c                TIM16_IRQHandler
                0x0000000008002a8c                TIM3_IRQHandler
                0x0000000008002a8c                EXTI4_15_IRQHandler
                0x0000000008002a8c                RCC_IRQHandler
                0x0000000008002a8c                DMA1_Channel1_IRQHandler
                0x0000000008002a8c                Default_Handler
                0x0000000008002a8c                TIM14_IRQHandler
                0x0000000008002a8c                DMA1_Channel4_5_IRQHandler
                0x0000000008002a8c                EXTI0_1_IRQHandler
                0x0000000008002a8c                WWDG_IRQHandler
                0x0000000008002a8c                DMA1_Channel2_3_IRQHandler
                0x0000000008002a8c                FLASH_IRQHandler
                0x0000000008002a8c                USART1_IRQHandler
                0x0000000008002a8c                TIM1_BRK_UP_TRG_COM_IRQHandler
 *fill*         0x0000000008002a8e        0x2 
 .text.__libc_init_array
                0x0000000008002a90       0x48 /home/arthurdent/Programs/gcc-arm-none-eabi-6-2017-q1-update/bin/../lib/gcc/arm-none-eabi/6.3.1/../../../../arm-none-eabi/lib/thumb/v6-m/libc_nano.a(lib_a-init.o)
                0x0000000008002a90                __libc_init_array
 .text.memcpy   0x0000000008002ad8       0x12 /home/arthurdent/Programs/gcc-arm-none-eabi-6-2017-q1-update/bin/../lib/gcc/arm-none-eabi/6.3.1/../../../../arm-none-eabi/lib/thumb/v6-m/libc_nano.a(lib_a-memcpy-stub.o)
                0x0000000008002ad8                memcpy
 .text.memset   0x0000000008002aea       0x10 /home/arthurdent/Programs/gcc-arm-none-eabi-6-2017-q1-update/bin/../lib/gcc/arm-none-eabi/6.3.1/../../../../arm-none-eabi/lib/thumb/v6-m/libc_nano.a(lib_a-memset.o)
                0x0000000008002aea                memset
 *fill*         0x0000000008002afa        0x2 
 .text.printf   0x0000000008002afc       0x34 /home/arthurdent/Programs/gcc-arm-none-eabi-6-2017-q1-update/bin/../lib/gcc/arm-none-eabi/6.3.1/../../../../arm-none-eabi/lib/thumb/v6-m/libc_nano.a(lib_a-printf.o)
                0x0000000008002afc                printf
                0x0000000008002afc                iprintf
 .text._puts_r  0x0000000008002b30       0xc0 /home/arthurdent/Programs/gcc-arm-none-eabi-6-2017-q1-update/bin/../lib/gcc/arm-none-eabi/6.3.1/../../../../arm-none-eabi/lib/thumb/v6-m/libc_nano.a(lib_a-puts.o)
                0x0000000008002b30                _puts_r
 .text.puts     0x0000000008002bf0       0x14 /home/arthurdent/Programs/gcc-arm-none-eabi-6-2017-q1-update/bin/../lib/gcc/arm-none-eabi/6.3.1/../../../../arm-none-eabi/lib/thumb/v6-m/libc_nano.a(lib_a-puts.o)
                0x0000000008002bf0                puts
 .text.__swbuf_r
                0x0000000008002c04       0xac /home/arthurdent/Programs/gcc-arm-none-eabi-6-2017-q1-update/bin/../lib/gcc/arm-none-eabi/6.3.1/../../../../arm-none-eabi/lib/thumb/v6-m/libc_nano.a(lib_a-wbuf.o)
                0x0000000008002c04                __swbuf_r
 .text.__swsetup_r
                0x0000000008002cb0       0xec /home/arthurdent/Programs/gcc-arm-none-eabi-6-2017-q1-update/bin/../lib/gcc/arm-none-eabi/6.3.1/../../../../arm-none-eabi/lib/thumb/v6-m/libc_nano.a(lib_a-wsetup.o)
                0x0000000008002cb0                __swsetup_r
 .text.__sflush_r
                0x0000000008002d9c      0x114 /home/arthurdent/Programs/gcc-arm-none-eabi-6-2017-q1-update/bin/../lib/gcc/arm-none-eabi/6.3.1/../../../../arm-none-eabi/lib/thumb/v6-m/libc_nano.a(lib_a-fflush.o)
                0x0000000008002d9c                __sflush_r
 .text._fflush_r
                0x0000000008002eb0       0x58 /home/arthurdent/Programs/gcc-arm-none-eabi-6-2017-q1-update/bin/../lib/gcc/arm-none-eabi/6.3.1/../../../../arm-none-eabi/lib/thumb/v6-m/libc_nano.a(lib_a-fflush.o)
                0x0000000008002eb0                _fflush_r
 .text._cleanup_r
                0x0000000008002f08       0x10 /home/arthurdent/Programs/gcc-arm-none-eabi-6-2017-q1-update/bin/../lib/gcc/arm-none-eabi/6.3.1/../../../../arm-none-eabi/lib/thumb/v6-m/libc_nano.a(lib_a-findfp.o)
                0x0000000008002f08                _cleanup_r
 .text.std.isra.0
                0x0000000008002f18       0x48 /home/arthurdent/Programs/gcc-arm-none-eabi-6-2017-q1-update/bin/../lib/gcc/arm-none-eabi/6.3.1/../../../../arm-none-eabi/lib/thumb/v6-m/libc_nano.a(lib_a-findfp.o)
 .text.__sfmoreglue
                0x0000000008002f60       0x2c /home/arthurdent/Programs/gcc-arm-none-eabi-6-2017-q1-update/bin/../lib/gcc/arm-none-eabi/6.3.1/../../../../arm-none-eabi/lib/thumb/v6-m/libc_nano.a(lib_a-findfp.o)
                0x0000000008002f60                __sfmoreglue
 .text.__sinit  0x0000000008002f8c       0x68 /home/arthurdent/Programs/gcc-arm-none-eabi-6-2017-q1-update/bin/../lib/gcc/arm-none-eabi/6.3.1/../../../../arm-none-eabi/lib/thumb/v6-m/libc_nano.a(lib_a-findfp.o)
                0x0000000008002f8c                __sinit
 .text.__sfp    0x0000000008002ff4       0x80 /home/arthurdent/Programs/gcc-arm-none-eabi-6-2017-q1-update/bin/../lib/gcc/arm-none-eabi/6.3.1/../../../../arm-none-eabi/lib/thumb/v6-m/libc_nano.a(lib_a-findfp.o)
                0x0000000008002ff4                __sfp
 .text._fwalk_reent
                0x0000000008003074       0x42 /home/arthurdent/Programs/gcc-arm-none-eabi-6-2017-q1-update/bin/../lib/gcc/arm-none-eabi/6.3.1/../../../../arm-none-eabi/lib/thumb/v6-m/libc_nano.a(lib_a-fwalk.o)
                0x0000000008003074                _fwalk_reent
 *fill*         0x00000000080030b6        0x2 
 .text.__swhatbuf_r
                0x00000000080030b8       0x50 /home/arthurdent/Programs/gcc-arm-none-eabi-6-2017-q1-update/bin/../lib/gcc/arm-none-eabi/6.3.1/../../../../arm-none-eabi/lib/thumb/v6-m/libc_nano.a(lib_a-makebuf.o)
                0x00000000080030b8                __swhatbuf_r
 .text.__smakebuf_r
                0x0000000008003108       0x88 /home/arthurdent/Programs/gcc-arm-none-eabi-6-2017-q1-update/bin/../lib/gcc/arm-none-eabi/6.3.1/../../../../arm-none-eabi/lib/thumb/v6-m/libc_nano.a(lib_a-makebuf.o)
                0x0000000008003108                __smakebuf_r
 .text._free_r  0x0000000008003190       0x94 /home/arthurdent/Programs/gcc-arm-none-eabi-6-2017-q1-update/bin/../lib/gcc/arm-none-eabi/6.3.1/../../../../arm-none-eabi/lib/thumb/v6-m/libc_nano.a(lib_a-nano-freer.o)
                0x0000000008003190                _free_r
 .text._malloc_r
                0x0000000008003224       0xbc /home/arthurdent/Programs/gcc-arm-none-eabi-6-2017-q1-update/bin/../lib/gcc/arm-none-eabi/6.3.1/../../../../arm-none-eabi/lib/thumb/v6-m/libc_nano.a(lib_a-nano-mallocr.o)
                0x0000000008003224                _malloc_r
 .text.__sfputc_r
                0x00000000080032e0       0x2a /home/arthurdent/Programs/gcc-arm-none-eabi-6-2017-q1-update/bin/../lib/gcc/arm-none-eabi/6.3.1/../../../../arm-none-eabi/lib/thumb/v6-m/libc_nano.a(lib_a-nano-vfprintf.o)
 .text.__sfputs_r
                0x000000000800330a       0x24 /home/arthurdent/Programs/gcc-arm-none-eabi-6-2017-q1-update/bin/../lib/gcc/arm-none-eabi/6.3.1/../../../../arm-none-eabi/lib/thumb/v6-m/libc_nano.a(lib_a-nano-vfprintf.o)
                0x000000000800330a                __sfputs_r
 *fill*         0x000000000800332e        0x2 
 .text._vfprintf_r
                0x0000000008003330      0x238 /home/arthurdent/Programs/gcc-arm-none-eabi-6-2017-q1-update/bin/../lib/gcc/arm-none-eabi/6.3.1/../../../../arm-none-eabi/lib/thumb/v6-m/libc_nano.a(lib_a-nano-vfprintf.o)
                0x0000000008003330                _vfiprintf_r
                0x0000000008003330                _vfprintf_r
 .text._printf_common
                0x0000000008003568       0xda /home/arthurdent/Programs/gcc-arm-none-eabi-6-2017-q1-update/bin/../lib/gcc/arm-none-eabi/6.3.1/../../../../arm-none-eabi/lib/thumb/v6-m/libc_nano.a(lib_a-nano-vfprintf_i.o)
                0x0000000008003568                _printf_common
 *fill*         0x0000000008003642        0x2 
 .text._printf_i
                0x0000000008003644      0x234 /home/arthurdent/Programs/gcc-arm-none-eabi-6-2017-q1-update/bin/../lib/gcc/arm-none-eabi/6.3.1/../../../../arm-none-eabi/lib/thumb/v6-m/libc_nano.a(lib_a-nano-vfprintf_i.o)
                0x0000000008003644                _printf_i
 .text._sbrk_r  0x0000000008003878       0x24 /home/arthurdent/Programs/gcc-arm-none-eabi-6-2017-q1-update/bin/../lib/gcc/arm-none-eabi/6.3.1/../../../../arm-none-eabi/lib/thumb/v6-m/libc_nano.a(lib_a-sbrkr.o)
                0x0000000008003878                _sbrk_r
 .text.__sread  0x000000000800389c       0x28 /home/arthurdent/Programs/gcc-arm-none-eabi-6-2017-q1-update/bin/../lib/gcc/arm-none-eabi/6.3.1/../../../../arm-none-eabi/lib/thumb/v6-m/libc_nano.a(lib_a-stdio.o)
                0x000000000800389c                __sread
 .text.__swrite
                0x00000000080038c4       0x38 /home/arthurdent/Programs/gcc-arm-none-eabi-6-2017-q1-update/bin/../lib/gcc/arm-none-eabi/6.3.1/../../../../arm-none-eabi/lib/thumb/v6-m/libc_nano.a(lib_a-stdio.o)
                0x00000000080038c4                __swrite
 .text.__sseek  0x00000000080038fc       0x2c /home/arthurdent/Programs/gcc-arm-none-eabi-6-2017-q1-update/bin/../lib/gcc/arm-none-eabi/6.3.1/../../../../arm-none-eabi/lib/thumb/v6-m/libc_nano.a(lib_a-stdio.o)
                0x00000000080038fc                __sseek
 .text.__sclose
                0x0000000008003928        0xc /home/arthurdent/Programs/gcc-arm-none-eabi-6-2017-q1-update/bin/../lib/gcc/arm-none-eabi/6.3.1/../../../../arm-none-eabi/lib/thumb/v6-m/libc_nano.a(lib_a-stdio.o)
                0x0000000008003928                __sclose
 .text._write_r
                0x0000000008003934       0x28 /home/arthurdent/Programs/gcc-arm-none-eabi-6-2017-q1-update/bin/../lib/gcc/arm-none-eabi/6.3.1/../../../../arm-none-eabi/lib/thumb/v6-m/libc_nano.a(lib_a-writer.o)
                0x0000000008003934                _write_r
 .text._close_r
                0x000000000800395c       0x24 /home/arthurdent/Programs/gcc-arm-none-eabi-6-2017-q1-update/bin/../lib/gcc/arm-none-eabi/6.3.1/../../../../arm-none-eabi/lib/thumb/v6-m/libc_nano.a(lib_a-closer.o)
                0x000000000800395c                _close_r
 .text._fstat_r
                0x0000000008003980       0x24 /home/arthurdent/Programs/gcc-arm-none-eabi-6-2017-q1-update/bin/../lib/gcc/arm-none-eabi/6.3.1/../../../../arm-none-eabi/lib/thumb/v6-m/libc_nano.a(lib_a-fstatr.o)
                0x0000000008003980                _fstat_r
 .text._isatty_r
                0x00000000080039a4       0x24 /home/arthurdent/Programs/gcc-arm-none-eabi-6-2017-q1-update/bin/../lib/gcc/arm-none-eabi/6.3.1/../../../../arm-none-eabi/lib/thumb/v6-m/libc_nano.a(lib_a-isattyr.o)
                0x00000000080039a4                _isatty_r
 .text._lseek_r
                0x00000000080039c8       0x28 /home/arthurdent/Programs/gcc-arm-none-eabi-6-2017-q1-update/bin/../lib/gcc/arm-none-eabi/6.3.1/../../../../arm-none-eabi/lib/thumb/v6-m/libc_nano.a(lib_a-lseekr.o)
                0x00000000080039c8                _lseek_r
 .text.memchr   0x00000000080039f0       0x16 /home/arthurdent/Programs/gcc-arm-none-eabi-6-2017-q1-update/bin/../lib/gcc/arm-none-eabi/6.3.1/../../../../arm-none-eabi/lib/thumb/v6-m/libc_nano.a(lib_a-memchr-stub.o)
                0x00000000080039f0                memchr
 .text.__malloc_lock
                0x0000000008003a06        0x2 /home/arthurdent/Programs/gcc-arm-none-eabi-6-2017-q1-update/bin/../lib/gcc/arm-none-eabi/6.3.1/../../../../arm-none-eabi/lib/thumb/v6-m/libc_nano.a(lib_a-mlock.o)
                0x0000000008003a06                __malloc_lock
 .text.__malloc_unlock
                0x0000000008003a08        0x2 /home/arthurdent/Programs/gcc-arm-none-eabi-6-2017-q1-update/bin/../lib/gcc/arm-none-eabi/6.3.1/../../../../arm-none-eabi/lib/thumb/v6-m/libc_nano.a(lib_a-mlock.o)
                0x0000000008003a08                __malloc_unlock
 *fill*         0x0000000008003a0a        0x2 
 .text._read_r  0x0000000008003a0c       0x28 /home/arthurdent/Programs/gcc-arm-none-eabi-6-2017-q1-update/bin/../lib/gcc/arm-none-eabi/6.3.1/../../../../arm-none-eabi/lib/thumb/v6-m/libc_nano.a(lib_a-readr.o)
                0x0000000008003a0c                _read_r
 *(.glue_7)
 .glue_7        0x0000000008003a34        0x0 linker stubs
 *(.glue_7t)
 .glue_7t       0x0000000008003a34        0x0 linker stubs
 *(.eh_frame)
 .eh_frame      0x0000000008003a34        0x0 /home/arthurdent/Programs/gcc-arm-none-eabi-6-2017-q1-update/bin/../lib/gcc/arm-none-eabi/6.3.1/thumb/v6-m/crtbegin.o
 *(.init)
 .init          0x0000000008003a34        0x4 /home/arthurdent/Programs/gcc-arm-none-eabi-6-2017-q1-update/bin/../lib/gcc/arm-none-eabi/6.3.1/thumb/v6-m/crti.o
                0x0000000008003a34                _init
 .init          0x0000000008003a38        0x8 /home/arthurdent/Programs/gcc-arm-none-eabi-6-2017-q1-update/bin/../lib/gcc/arm-none-eabi/6.3.1/thumb/v6-m/crtn.o
 *(.fini)
 .fini          0x0000000008003a40        0x4 /home/arthurdent/Programs/gcc-arm-none-eabi-6-2017-q1-update/bin/../lib/gcc/arm-none-eabi/6.3.1/thumb/v6-m/crti.o
                0x0000000008003a40                _fini
 .fini          0x0000000008003a44        0x8 /home/arthurdent/Programs/gcc-arm-none-eabi-6-2017-q1-update/bin/../lib/gcc/arm-none-eabi/6.3.1/thumb/v6-m/crtn.o
                0x0000000008003a4c                . = ALIGN (0x4)
                0x0000000008003a4c                _etext = .

.vfp11_veneer   0x0000000008003a4c        0x0
 .vfp11_veneer  0x0000000008003a4c        0x0 linker stubs

.v4_bx          0x0000000008003a4c        0x0
 .v4_bx         0x0000000008003a4c        0x0 linker stubs

.iplt           0x0000000008003a4c        0x0
 .iplt          0x0000000008003a4c        0x0 /home/arthurdent/Programs/gcc-arm-none-eabi-6-2017-q1-update/bin/../lib/gcc/arm-none-eabi/6.3.1/thumb/v6-m/crtbegin.o

.rodata         0x0000000008003a4c      0x170
                0x0000000008003a4c                . = ALIGN (0x4)
 *(.rodata)
 .rodata        0x0000000008003a4c       0x20 build/stm32f0xx_hal_rcc.o
 *(.rodata*)
 .rodata.AHBPrescTable
                0x0000000008003a6c       0x10 build/system_stm32f0xx.o
                0x0000000008003a6c                AHBPrescTable
 .rodata.APBPrescTable
                0x0000000008003a7c        0x8 build/system_stm32f0xx.o
                0x0000000008003a7c                APBPrescTable
 .rodata.MX_ADC_Init.str1.1
                0x0000000008003a84        0xb build/main.o
 .rodata._Error_Handler.str1.1
                0x0000000008003a8f       0x1d build/main.o
 .rodata.main.str1.1
                0x0000000008003aac       0x71 build/main.o
                                         0x76 (size before relaxing)
 .rodata.CSWTCH.50
                0x0000000008003b1d        0x4 build/stm32f0xx_hal_uart.o
 *fill*         0x0000000008003b21        0x3 
 .rodata._global_impure_ptr
                0x0000000008003b24        0x4 /home/arthurdent/Programs/gcc-arm-none-eabi-6-2017-q1-update/bin/../lib/gcc/arm-none-eabi/6.3.1/../../../../arm-none-eabi/lib/thumb/v6-m/libc_nano.a(lib_a-impure.o)
                0x0000000008003b24                _global_impure_ptr
 .rodata.__sf_fake_stderr
                0x0000000008003b28       0x20 /home/arthurdent/Programs/gcc-arm-none-eabi-6-2017-q1-update/bin/../lib/gcc/arm-none-eabi/6.3.1/../../../../arm-none-eabi/lib/thumb/v6-m/libc_nano.a(lib_a-findfp.o)
                0x0000000008003b28                __sf_fake_stderr
 .rodata.__sf_fake_stdin
                0x0000000008003b48       0x20 /home/arthurdent/Programs/gcc-arm-none-eabi-6-2017-q1-update/bin/../lib/gcc/arm-none-eabi/6.3.1/../../../../arm-none-eabi/lib/thumb/v6-m/libc_nano.a(lib_a-findfp.o)
                0x0000000008003b48                __sf_fake_stdin
 .rodata.__sf_fake_stdout
                0x0000000008003b68       0x20 /home/arthurdent/Programs/gcc-arm-none-eabi-6-2017-q1-update/bin/../lib/gcc/arm-none-eabi/6.3.1/../../../../arm-none-eabi/lib/thumb/v6-m/libc_nano.a(lib_a-findfp.o)
                0x0000000008003b68                __sf_fake_stdout
 .rodata._vfprintf_r.str1.1
                0x0000000008003b88       0x11 /home/arthurdent/Programs/gcc-arm-none-eabi-6-2017-q1-update/bin/../lib/gcc/arm-none-eabi/6.3.1/../../../../arm-none-eabi/lib/thumb/v6-m/libc_nano.a(lib_a-nano-vfprintf.o)
 .rodata._printf_i.str1.1
                0x0000000008003b99       0x22 /home/arthurdent/Programs/gcc-arm-none-eabi-6-2017-q1-update/bin/../lib/gcc/arm-none-eabi/6.3.1/../../../../arm-none-eabi/lib/thumb/v6-m/libc_nano.a(lib_a-nano-vfprintf_i.o)
                0x0000000008003bbc                . = ALIGN (0x4)
 *fill*         0x0000000008003bbb        0x1 

.rel.dyn        0x0000000008003bbc        0x0
 .rel.iplt      0x0000000008003bbc        0x0 /home/arthurdent/Programs/gcc-arm-none-eabi-6-2017-q1-update/bin/../lib/gcc/arm-none-eabi/6.3.1/thumb/v6-m/crtbegin.o

.ARM.extab
 *(.ARM.extab* .gnu.linkonce.armextab.*)

.ARM            0x0000000008003bbc        0x0
                0x0000000008003bbc                __exidx_start = .
 *(.ARM.exidx*)
                0x0000000008003bbc                __exidx_end = .

.preinit_array  0x0000000008003bbc        0x0
                0x0000000008003bbc                PROVIDE (__preinit_array_start, .)
 *(.preinit_array*)
                0x0000000008003bbc                PROVIDE (__preinit_array_end, .)

.init_array     0x0000000008003bbc        0x4
                0x0000000008003bbc                PROVIDE (__init_array_start, .)
 *(SORT(.init_array.*))
 *(.init_array*)
 .init_array    0x0000000008003bbc        0x4 /home/arthurdent/Programs/gcc-arm-none-eabi-6-2017-q1-update/bin/../lib/gcc/arm-none-eabi/6.3.1/thumb/v6-m/crtbegin.o
                0x0000000008003bc0                PROVIDE (__init_array_end, .)

.fini_array     0x0000000008003bc0        0x4
                [!provide]                        PROVIDE (__fini_array_start, .)
 *(SORT(.fini_array.*))
 *(.fini_array*)
 .fini_array    0x0000000008003bc0        0x4 /home/arthurdent/Programs/gcc-arm-none-eabi-6-2017-q1-update/bin/../lib/gcc/arm-none-eabi/6.3.1/thumb/v6-m/crtbegin.o
                [!provide]                        PROVIDE (__fini_array_end, .)
                0x0000000008003bc4                _sidata = LOADADDR (.data)

.data           0x0000000020000000       0x68 load address 0x0000000008003bc4
                0x0000000020000000                . = ALIGN (0x4)
                0x0000000020000000                _sdata = .
 *(.data)
 *(.data*)
 .data.SystemCoreClock
                0x0000000020000000        0x4 build/system_stm32f0xx.o
                0x0000000020000000                SystemCoreClock
 .data._impure_ptr
                0x0000000020000004        0x4 /home/arthurdent/Programs/gcc-arm-none-eabi-6-2017-q1-update/bin/../lib/gcc/arm-none-eabi/6.3.1/../../../../arm-none-eabi/lib/thumb/v6-m/libc_nano.a(lib_a-impure.o)
                0x0000000020000004                _impure_ptr
 .data.impure_data
                0x0000000020000008       0x60 /home/arthurdent/Programs/gcc-arm-none-eabi-6-2017-q1-update/bin/../lib/gcc/arm-none-eabi/6.3.1/../../../../arm-none-eabi/lib/thumb/v6-m/libc_nano.a(lib_a-impure.o)
                0x0000000020000068                . = ALIGN (0x4)
                0x0000000020000068                _edata = .

.jcr            0x0000000020000068        0x0 load address 0x0000000008003c2c
 .jcr           0x0000000020000068        0x0 /home/arthurdent/Programs/gcc-arm-none-eabi-6-2017-q1-update/bin/../lib/gcc/arm-none-eabi/6.3.1/thumb/v6-m/crtbegin.o

.igot.plt       0x0000000020000068        0x0 load address 0x0000000008003c2c
 .igot.plt      0x0000000020000068        0x0 /home/arthurdent/Programs/gcc-arm-none-eabi-6-2017-q1-update/bin/../lib/gcc/arm-none-eabi/6.3.1/thumb/v6-m/crtbegin.o
                0x0000000020000068                . = ALIGN (0x4)

.bss            0x0000000020000068      0x1e8 load address 0x0000000008003c2c
                0x0000000020000068                _sbss = .
                0x0000000020000068                __bss_start__ = _sbss
 *(.bss)
 .bss           0x0000000020000068       0x1c /home/arthurdent/Programs/gcc-arm-none-eabi-6-2017-q1-update/bin/../lib/gcc/arm-none-eabi/6.3.1/thumb/v6-m/crtbegin.o
 *(.bss*)
 .bss.heap_end.5995
                0x0000000020000084        0x4 build/syscalls.o
 .bss.average_value
                0x0000000020000088        0x4 build/main.o
                0x0000000020000088                average_value
 .bss.current_value
                0x000000002000008c        0x2 build/main.o
                0x000000002000008c                current_value
 *fill*         0x000000002000008e        0x2 
 .bss.__malloc_free_list
                0x0000000020000090        0x4 /home/arthurdent/Programs/gcc-arm-none-eabi-6-2017-q1-update/bin/../lib/gcc/arm-none-eabi/6.3.1/../../../../arm-none-eabi/lib/thumb/v6-m/libc_nano.a(lib_a-nano-mallocr.o)
                0x0000000020000090                __malloc_free_list
 .bss.__malloc_sbrk_start
                0x0000000020000094        0x4 /home/arthurdent/Programs/gcc-arm-none-eabi-6-2017-q1-update/bin/../lib/gcc/arm-none-eabi/6.3.1/../../../../arm-none-eabi/lib/thumb/v6-m/libc_nano.a(lib_a-nano-mallocr.o)
                0x0000000020000094                __malloc_sbrk_start
 *(COMMON)
 COMMON         0x0000000020000098        0x4 build/stm32f0xx_hal.o
                0x0000000020000098                uwTick
 COMMON         0x000000002000009c      0x1b0 build/main.o
                0x000000002000009c                hi2c1
                0x00000000200000e8                hiwdg
                0x00000000200000f8                wire_1_raw
                0x00000000200000fc                htim3
                0x000000002000013c                i2c_tx_buffer
                0x0000000020000148                i2c_rx_buffer
                0x000000002000014c                huart1
                0x00000000200001bc                htim1
                0x00000000200001fc                wire_2_raw
                0x0000000020000200                hadc
 COMMON         0x000000002000024c        0x4 /home/arthurdent/Programs/gcc-arm-none-eabi-6-2017-q1-update/bin/../lib/gcc/arm-none-eabi/6.3.1/../../../../arm-none-eabi/lib/thumb/v6-m/libc_nano.a(lib_a-reent.o)
                0x000000002000024c                errno
                0x0000000020000250                . = ALIGN (0x4)
                0x0000000020000250                _ebss = .
                0x0000000020000250                __bss_end__ = _ebss

._user_heap_stack
                0x0000000020000250      0x600 load address 0x0000000008003c2c
                0x0000000020000250                . = ALIGN (0x8)
                0x0000000020000250                PROVIDE (end, .)
                [!provide]                        PROVIDE (_end, .)
                0x0000000020000450                . = (. + _Min_Heap_Size)
 *fill*         0x0000000020000250      0x200 
                0x0000000020000850                . = (. + _Min_Stack_Size)
 *fill*         0x0000000020000450      0x400 
                0x0000000020000850                . = ALIGN (0x8)

/DISCARD/
 libc.a(*)
 libm.a(*)
 libgcc.a(*)

.ARM.attributes
                0x0000000000000000       0x28
 *(.ARM.attributes)
 .ARM.attributes
                0x0000000000000000       0x1e /home/arthurdent/Programs/gcc-arm-none-eabi-6-2017-q1-update/bin/../lib/gcc/arm-none-eabi/6.3.1/thumb/v6-m/crti.o
 .ARM.attributes
                0x000000000000001e       0x2c /home/arthurdent/Programs/gcc-arm-none-eabi-6-2017-q1-update/bin/../lib/gcc/arm-none-eabi/6.3.1/thumb/v6-m/crtbegin.o
 .ARM.attributes
                0x000000000000004a       0x31 build/stm32f0xx_hal_adc.o
 .ARM.attributes
                0x000000000000007b       0x31 build/stm32f0xx_hal_rcc_ex.o
 .ARM.attributes
                0x00000000000000ac       0x31 build/stm32f0xx_hal.o
 .ARM.attributes
                0x00000000000000dd       0x31 build/stm32f0xx_hal_rcc.o
 .ARM.attributes
                0x000000000000010e       0x31 build/stm32f0xx_hal_tim.o
 .ARM.attributes
                0x000000000000013f       0x31 build/system_stm32f0xx.o
 .ARM.attributes
                0x0000000000000170       0x31 build/stm32f0xx_hal_msp.o
 .ARM.attributes
                0x00000000000001a1       0x31 build/stm32f0xx_hal_i2c_ex.o
 .ARM.attributes
                0x00000000000001d2       0x31 build/stm32f0xx_hal_gpio.o
 .ARM.attributes
                0x0000000000000203       0x31 build/stm32f0xx_hal_cortex.o
 .ARM.attributes
                0x0000000000000234       0x31 build/stm32f0xx_it.o
 .ARM.attributes
                0x0000000000000265       0x31 build/stm32f0xx_hal_i2c.o
 .ARM.attributes
                0x0000000000000296       0x31 build/syscalls.o
 .ARM.attributes
                0x00000000000002c7       0x31 build/main.o
 .ARM.attributes
                0x00000000000002f8       0x31 build/stm32f0xx_hal_tim_ex.o
 .ARM.attributes
                0x0000000000000329       0x31 build/stm32f0xx_hal_uart.o
 .ARM.attributes
                0x000000000000035a       0x31 build/stm32f0xx_hal_iwdg.o
 .ARM.attributes
                0x000000000000038b       0x21 build/startup_stm32f030x6.o
 .ARM.attributes
                0x00000000000003ac       0x2c /home/arthurdent/Programs/gcc-arm-none-eabi-6-2017-q1-update/bin/../lib/gcc/arm-none-eabi/6.3.1/../../../../arm-none-eabi/lib/thumb/v6-m/libc_nano.a(lib_a-impure.o)
 .ARM.attributes
                0x00000000000003d8       0x2c /home/arthurdent/Programs/gcc-arm-none-eabi-6-2017-q1-update/bin/../lib/gcc/arm-none-eabi/6.3.1/../../../../arm-none-eabi/lib/thumb/v6-m/libc_nano.a(lib_a-init.o)
 .ARM.attributes
                0x0000000000000404       0x2c /home/arthurdent/Programs/gcc-arm-none-eabi-6-2017-q1-update/bin/../lib/gcc/arm-none-eabi/6.3.1/../../../../arm-none-eabi/lib/thumb/v6-m/libc_nano.a(lib_a-memcpy-stub.o)
 .ARM.attributes
                0x0000000000000430       0x2c /home/arthurdent/Programs/gcc-arm-none-eabi-6-2017-q1-update/bin/../lib/gcc/arm-none-eabi/6.3.1/../../../../arm-none-eabi/lib/thumb/v6-m/libc_nano.a(lib_a-memset.o)
 .ARM.attributes
                0x000000000000045c       0x2c /home/arthurdent/Programs/gcc-arm-none-eabi-6-2017-q1-update/bin/../lib/gcc/arm-none-eabi/6.3.1/../../../../arm-none-eabi/lib/thumb/v6-m/libc_nano.a(lib_a-printf.o)
 .ARM.attributes
                0x0000000000000488       0x2c /home/arthurdent/Programs/gcc-arm-none-eabi-6-2017-q1-update/bin/../lib/gcc/arm-none-eabi/6.3.1/../../../../arm-none-eabi/lib/thumb/v6-m/libc_nano.a(lib_a-puts.o)
 .ARM.attributes
                0x00000000000004b4       0x2c /home/arthurdent/Programs/gcc-arm-none-eabi-6-2017-q1-update/bin/../lib/gcc/arm-none-eabi/6.3.1/../../../../arm-none-eabi/lib/thumb/v6-m/libc_nano.a(lib_a-reent.o)
 .ARM.attributes
                0x00000000000004e0       0x2c /home/arthurdent/Programs/gcc-arm-none-eabi-6-2017-q1-update/bin/../lib/gcc/arm-none-eabi/6.3.1/../../../../arm-none-eabi/lib/thumb/v6-m/libc_nano.a(lib_a-wbuf.o)
 .ARM.attributes
                0x000000000000050c       0x2c /home/arthurdent/Programs/gcc-arm-none-eabi-6-2017-q1-update/bin/../lib/gcc/arm-none-eabi/6.3.1/../../../../arm-none-eabi/lib/thumb/v6-m/libc_nano.a(lib_a-wsetup.o)
 .ARM.attributes
                0x0000000000000538       0x2c /home/arthurdent/Programs/gcc-arm-none-eabi-6-2017-q1-update/bin/../lib/gcc/arm-none-eabi/6.3.1/../../../../arm-none-eabi/lib/thumb/v6-m/libc_nano.a(lib_a-fflush.o)
 .ARM.attributes
                0x0000000000000564       0x2c /home/arthurdent/Programs/gcc-arm-none-eabi-6-2017-q1-update/bin/../lib/gcc/arm-none-eabi/6.3.1/../../../../arm-none-eabi/lib/thumb/v6-m/libc_nano.a(lib_a-findfp.o)
 .ARM.attributes
                0x0000000000000590       0x2c /home/arthurdent/Programs/gcc-arm-none-eabi-6-2017-q1-update/bin/../lib/gcc/arm-none-eabi/6.3.1/../../../../arm-none-eabi/lib/thumb/v6-m/libc_nano.a(lib_a-fwalk.o)
 .ARM.attributes
                0x00000000000005bc       0x2c /home/arthurdent/Programs/gcc-arm-none-eabi-6-2017-q1-update/bin/../lib/gcc/arm-none-eabi/6.3.1/../../../../arm-none-eabi/lib/thumb/v6-m/libc_nano.a(lib_a-makebuf.o)
 .ARM.attributes
                0x00000000000005e8       0x2c /home/arthurdent/Programs/gcc-arm-none-eabi-6-2017-q1-update/bin/../lib/gcc/arm-none-eabi/6.3.1/../../../../arm-none-eabi/lib/thumb/v6-m/libc_nano.a(lib_a-nano-freer.o)
 .ARM.attributes
                0x0000000000000614       0x2c /home/arthurdent/Programs/gcc-arm-none-eabi-6-2017-q1-update/bin/../lib/gcc/arm-none-eabi/6.3.1/../../../../arm-none-eabi/lib/thumb/v6-m/libc_nano.a(lib_a-nano-mallocr.o)
 .ARM.attributes
                0x0000000000000640       0x2c /home/arthurdent/Programs/gcc-arm-none-eabi-6-2017-q1-update/bin/../lib/gcc/arm-none-eabi/6.3.1/../../../../arm-none-eabi/lib/thumb/v6-m/libc_nano.a(lib_a-nano-vfprintf.o)
 .ARM.attributes
                0x000000000000066c       0x2c /home/arthurdent/Programs/gcc-arm-none-eabi-6-2017-q1-update/bin/../lib/gcc/arm-none-eabi/6.3.1/../../../../arm-none-eabi/lib/thumb/v6-m/libc_nano.a(lib_a-nano-vfprintf_i.o)
 .ARM.attributes
                0x0000000000000698       0x2c /home/arthurdent/Programs/gcc-arm-none-eabi-6-2017-q1-update/bin/../lib/gcc/arm-none-eabi/6.3.1/../../../../arm-none-eabi/lib/thumb/v6-m/libc_nano.a(lib_a-sbrkr.o)
 .ARM.attributes
                0x00000000000006c4       0x2c /home/arthurdent/Programs/gcc-arm-none-eabi-6-2017-q1-update/bin/../lib/gcc/arm-none-eabi/6.3.1/../../../../arm-none-eabi/lib/thumb/v6-m/libc_nano.a(lib_a-stdio.o)
 .ARM.attributes
                0x00000000000006f0       0x2c /home/arthurdent/Programs/gcc-arm-none-eabi-6-2017-q1-update/bin/../lib/gcc/arm-none-eabi/6.3.1/../../../../arm-none-eabi/lib/thumb/v6-m/libc_nano.a(lib_a-writer.o)
 .ARM.attributes
                0x000000000000071c       0x2c /home/arthurdent/Programs/gcc-arm-none-eabi-6-2017-q1-update/bin/../lib/gcc/arm-none-eabi/6.3.1/../../../../arm-none-eabi/lib/thumb/v6-m/libc_nano.a(lib_a-closer.o)
 .ARM.attributes
                0x0000000000000748       0x2c /home/arthurdent/Programs/gcc-arm-none-eabi-6-2017-q1-update/bin/../lib/gcc/arm-none-eabi/6.3.1/../../../../arm-none-eabi/lib/thumb/v6-m/libc_nano.a(lib_a-fstatr.o)
 .ARM.attributes
                0x0000000000000774       0x2c /home/arthurdent/Programs/gcc-arm-none-eabi-6-2017-q1-update/bin/../lib/gcc/arm-none-eabi/6.3.1/../../../../arm-none-eabi/lib/thumb/v6-m/libc_nano.a(lib_a-isattyr.o)
 .ARM.attributes
                0x00000000000007a0       0x2c /home/arthurdent/Programs/gcc-arm-none-eabi-6-2017-q1-update/bin/../lib/gcc/arm-none-eabi/6.3.1/../../../../arm-none-eabi/lib/thumb/v6-m/libc_nano.a(lib_a-lseekr.o)
 .ARM.attributes
                0x00000000000007cc       0x2c /home/arthurdent/Programs/gcc-arm-none-eabi-6-2017-q1-update/bin/../lib/gcc/arm-none-eabi/6.3.1/../../../../arm-none-eabi/lib/thumb/v6-m/libc_nano.a(lib_a-memchr-stub.o)
 .ARM.attributes
                0x00000000000007f8       0x2c /home/arthurdent/Programs/gcc-arm-none-eabi-6-2017-q1-update/bin/../lib/gcc/arm-none-eabi/6.3.1/../../../../arm-none-eabi/lib/thumb/v6-m/libc_nano.a(lib_a-mlock.o)
 .ARM.attributes
                0x0000000000000824       0x2c /home/arthurdent/Programs/gcc-arm-none-eabi-6-2017-q1-update/bin/../lib/gcc/arm-none-eabi/6.3.1/../../../../arm-none-eabi/lib/thumb/v6-m/libc_nano.a(lib_a-readr.o)
 .ARM.attributes
                0x0000000000000850       0x1e /home/arthurdent/Programs/gcc-arm-none-eabi-6-2017-q1-update/bin/../lib/gcc/arm-none-eabi/6.3.1/thumb/v6-m/libgcc.a(_thumb1_case_uqi.o)
 .ARM.attributes
                0x000000000000086e       0x1e /home/arthurdent/Programs/gcc-arm-none-eabi-6-2017-q1-update/bin/../lib/gcc/arm-none-eabi/6.3.1/thumb/v6-m/libgcc.a(_udivsi3.o)
 .ARM.attributes
                0x000000000000088c       0x1e /home/arthurdent/Programs/gcc-arm-none-eabi-6-2017-q1-update/bin/../lib/gcc/arm-none-eabi/6.3.1/thumb/v6-m/libgcc.a(_dvmd_tls.o)
 .ARM.attributes
                0x00000000000008aa       0x1e /home/arthurdent/Programs/gcc-arm-none-eabi-6-2017-q1-update/bin/../lib/gcc/arm-none-eabi/6.3.1/thumb/v6-m/crtn.o
OUTPUT(build/capacitance_stm32.elf elf32-littlearm)

.debug_info     0x0000000000000000    0x1b61c
 .debug_info    0x0000000000000000     0x186c build/stm32f0xx_hal_adc.o
 .debug_info    0x000000000000186c      0xd23 build/stm32f0xx_hal_rcc_ex.o
 .debug_info    0x000000000000258f      0xfbc build/stm32f0xx_hal.o
 .debug_info    0x000000000000354b     0x1316 build/stm32f0xx_hal_rcc.o
 .debug_info    0x0000000000004861     0x3f67 build/stm32f0xx_hal_tim.o
 .debug_info    0x00000000000087c8      0xb86 build/system_stm32f0xx.o
 .debug_info    0x000000000000934e     0x1db1 build/stm32f0xx_hal_msp.o
 .debug_info    0x000000000000b0ff     0x11cf build/stm32f0xx_hal_i2c_ex.o
 .debug_info    0x000000000000c2ce      0xfb8 build/stm32f0xx_hal_gpio.o
 .debug_info    0x000000000000d286     0x1142 build/stm32f0xx_hal_cortex.o
 .debug_info    0x000000000000e3c8      0xa8c build/stm32f0xx_it.o
 .debug_info    0x000000000000ee54     0x3bda build/stm32f0xx_hal_i2c.o
 .debug_info    0x0000000000012a2e     0x11cc build/syscalls.o
 .debug_info    0x0000000000013bfa     0x2f60 build/main.o
 .debug_info    0x0000000000016b5a     0x1b6b build/stm32f0xx_hal_tim_ex.o
 .debug_info    0x00000000000186c5     0x230c build/stm32f0xx_hal_uart.o
 .debug_info    0x000000000001a9d1      0xbb2 build/stm32f0xx_hal_iwdg.o
 .debug_info    0x000000000001b583       0x99 build/startup_stm32f030x6.o

.debug_abbrev   0x0000000000000000     0x337b
 .debug_abbrev  0x0000000000000000      0x386 build/stm32f0xx_hal_adc.o
 .debug_abbrev  0x0000000000000386      0x285 build/stm32f0xx_hal_rcc_ex.o
 .debug_abbrev  0x000000000000060b      0x2ef build/stm32f0xx_hal.o
 .debug_abbrev  0x00000000000008fa      0x322 build/stm32f0xx_hal_rcc.o
 .debug_abbrev  0x0000000000000c1c      0x3f0 build/stm32f0xx_hal_tim.o
 .debug_abbrev  0x000000000000100c      0x1e6 build/system_stm32f0xx.o
 .debug_abbrev  0x00000000000011f2      0x285 build/stm32f0xx_hal_msp.o
 .debug_abbrev  0x0000000000001477      0x243 build/stm32f0xx_hal_i2c_ex.o
 .debug_abbrev  0x00000000000016ba      0x2c9 build/stm32f0xx_hal_gpio.o
 .debug_abbrev  0x0000000000001983      0x33c build/stm32f0xx_hal_cortex.o
 .debug_abbrev  0x0000000000001cbf      0x204 build/stm32f0xx_it.o
 .debug_abbrev  0x0000000000001ec3      0x409 build/stm32f0xx_hal_i2c.o
 .debug_abbrev  0x00000000000022cc      0x2fa build/syscalls.o
 .debug_abbrev  0x00000000000025c6      0x44b build/main.o
 .debug_abbrev  0x0000000000002a11      0x346 build/stm32f0xx_hal_tim_ex.o
 .debug_abbrev  0x0000000000002d57      0x3f5 build/stm32f0xx_hal_uart.o
 .debug_abbrev  0x000000000000314c      0x21d build/stm32f0xx_hal_iwdg.o
 .debug_abbrev  0x0000000000003369       0x12 build/startup_stm32f030x6.o

.debug_loc      0x0000000000000000     0xd1e0
 .debug_loc     0x0000000000000000      0xd0d build/stm32f0xx_hal_adc.o
 .debug_loc     0x0000000000000d0d      0x2bb build/stm32f0xx_hal_rcc_ex.o
 .debug_loc     0x0000000000000fc8       0xfc build/stm32f0xx_hal.o
 .debug_loc     0x00000000000010c4      0x582 build/stm32f0xx_hal_rcc.o
 .debug_loc     0x0000000000001646     0x4277 build/stm32f0xx_hal_tim.o
 .debug_loc     0x00000000000058bd      0x147 build/system_stm32f0xx.o
 .debug_loc     0x0000000000005a04      0x25a build/stm32f0xx_hal_msp.o
 .debug_loc     0x0000000000005c5e      0x1ba build/stm32f0xx_hal_i2c_ex.o
 .debug_loc     0x0000000000005e18      0x393 build/stm32f0xx_hal_gpio.o
 .debug_loc     0x00000000000061ab      0x40c build/stm32f0xx_hal_cortex.o
 .debug_loc     0x00000000000065b7       0x20 build/stm32f0xx_it.o
 .debug_loc     0x00000000000065d7     0x3a2b build/stm32f0xx_hal_i2c.o
 .debug_loc     0x000000000000a002      0x48a build/syscalls.o
 .debug_loc     0x000000000000a48c      0x4f8 build/main.o
 .debug_loc     0x000000000000a984      0xeae build/stm32f0xx_hal_tim_ex.o
 .debug_loc     0x000000000000b832     0x1918 build/stm32f0xx_hal_uart.o
 .debug_loc     0x000000000000d14a       0x96 build/stm32f0xx_hal_iwdg.o

.debug_aranges  0x0000000000000000      0xc78
 .debug_aranges
                0x0000000000000000       0xd0 build/stm32f0xx_hal_adc.o
 .debug_aranges
                0x00000000000000d0       0x30 build/stm32f0xx_hal_rcc_ex.o
 .debug_aranges
                0x0000000000000100       0xb0 build/stm32f0xx_hal.o
 .debug_aranges
                0x00000000000001b0       0x80 build/stm32f0xx_hal_rcc.o
 .debug_aranges
                0x0000000000000230      0x268 build/stm32f0xx_hal_tim.o
 .debug_aranges
                0x0000000000000498       0x28 build/system_stm32f0xx.o
 .debug_aranges
                0x00000000000004c0       0x60 build/stm32f0xx_hal_msp.o
 .debug_aranges
                0x0000000000000520       0x38 build/stm32f0xx_hal_i2c_ex.o
 .debug_aranges
                0x0000000000000558       0x58 build/stm32f0xx_hal_gpio.o
 .debug_aranges
                0x00000000000005b0       0x78 build/stm32f0xx_hal_cortex.o
 .debug_aranges
                0x0000000000000628       0x30 build/stm32f0xx_it.o
 .debug_aranges
                0x0000000000000658      0x200 build/stm32f0xx_hal_i2c.o
 .debug_aranges
                0x0000000000000858       0xb8 build/syscalls.o
 .debug_aranges
                0x0000000000000910       0xa0 build/main.o
 .debug_aranges
                0x00000000000009b0       0xf0 build/stm32f0xx_hal_tim_ex.o
 .debug_aranges
                0x0000000000000aa0      0x188 build/stm32f0xx_hal_uart.o
 .debug_aranges
                0x0000000000000c28       0x28 build/stm32f0xx_hal_iwdg.o
 .debug_aranges
                0x0000000000000c50       0x28 build/startup_stm32f030x6.o

.debug_ranges   0x0000000000000000     0x1138
 .debug_ranges  0x0000000000000000       0xc0 build/stm32f0xx_hal_adc.o
 .debug_ranges  0x00000000000000c0       0x40 build/stm32f0xx_hal_rcc_ex.o
 .debug_ranges  0x0000000000000100       0xa0 build/stm32f0xx_hal.o
 .debug_ranges  0x00000000000001a0       0xa0 build/stm32f0xx_hal_rcc.o
 .debug_ranges  0x0000000000000240      0x470 build/stm32f0xx_hal_tim.o
 .debug_ranges  0x00000000000006b0       0x18 build/system_stm32f0xx.o
 .debug_ranges  0x00000000000006c8       0xe0 build/stm32f0xx_hal_msp.o
 .debug_ranges  0x00000000000007a8       0x68 build/stm32f0xx_hal_i2c_ex.o
 .debug_ranges  0x0000000000000810       0x70 build/stm32f0xx_hal_gpio.o
 .debug_ranges  0x0000000000000880      0x120 build/stm32f0xx_hal_cortex.o
 .debug_ranges  0x00000000000009a0       0x20 build/stm32f0xx_it.o
 .debug_ranges  0x00000000000009c0      0x280 build/stm32f0xx_hal_i2c.o
 .debug_ranges  0x0000000000000c40       0xa8 build/syscalls.o
 .debug_ranges  0x0000000000000ce8      0x148 build/main.o
 .debug_ranges  0x0000000000000e30       0xe0 build/stm32f0xx_hal_tim_ex.o
 .debug_ranges  0x0000000000000f10      0x1f0 build/stm32f0xx_hal_uart.o
 .debug_ranges  0x0000000000001100       0x18 build/stm32f0xx_hal_iwdg.o
 .debug_ranges  0x0000000000001118       0x20 build/startup_stm32f030x6.o

.debug_line     0x0000000000000000     0x75a5
 .debug_line    0x0000000000000000      0x835 build/stm32f0xx_hal_adc.o
 .debug_line    0x0000000000000835      0x390 build/stm32f0xx_hal_rcc_ex.o
 .debug_line    0x0000000000000bc5      0x419 build/stm32f0xx_hal.o
 .debug_line    0x0000000000000fde      0x5ff build/stm32f0xx_hal_rcc.o
 .debug_line    0x00000000000015dd     0x12d2 build/stm32f0xx_hal_tim.o
 .debug_line    0x00000000000028af      0x23c build/system_stm32f0xx.o
 .debug_line    0x0000000000002aeb      0x3fe build/stm32f0xx_hal_msp.o
 .debug_line    0x0000000000002ee9      0x344 build/stm32f0xx_hal_i2c_ex.o
 .debug_line    0x000000000000322d      0x3fd build/stm32f0xx_hal_gpio.o
 .debug_line    0x000000000000362a      0x3ef build/stm32f0xx_hal_cortex.o
 .debug_line    0x0000000000003a19      0x257 build/stm32f0xx_it.o
 .debug_line    0x0000000000003c70     0x1609 build/stm32f0xx_hal_i2c.o
 .debug_line    0x0000000000005279      0x3e6 build/syscalls.o
 .debug_line    0x000000000000565f      0x729 build/main.o
 .debug_line    0x0000000000005d88      0x774 build/stm32f0xx_hal_tim_ex.o
 .debug_line    0x00000000000064fc      0xd7a build/stm32f0xx_hal_uart.o
 .debug_line    0x0000000000007276      0x2b7 build/stm32f0xx_hal_iwdg.o
 .debug_line    0x000000000000752d       0x78 build/startup_stm32f030x6.o

.debug_str      0x0000000000000000     0x44f9
 .debug_str     0x0000000000000000      0xbfd build/stm32f0xx_hal_adc.o
                                        0xcea (size before relaxing)
 .debug_str     0x0000000000000bfd      0x1ca build/stm32f0xx_hal_rcc_ex.o
                                        0x7e4 (size before relaxing)
 .debug_str     0x0000000000000dc7      0x371 build/stm32f0xx_hal.o
                                        0x9e2 (size before relaxing)
 .debug_str     0x0000000000001138      0x303 build/stm32f0xx_hal_rcc.o
                                        0xa24 (size before relaxing)
 .debug_str     0x000000000000143b      0xf3f build/stm32f0xx_hal_tim.o
                                       0x17bf (size before relaxing)
 .debug_str     0x000000000000237a       0x57 build/system_stm32f0xx.o
                                        0x66a (size before relaxing)
 .debug_str     0x00000000000023d1      0x55e build/stm32f0xx_hal_msp.o
                                       0x1322 (size before relaxing)
 .debug_str     0x000000000000292f       0xd7 build/stm32f0xx_hal_i2c_ex.o
                                        0xbde (size before relaxing)
 .debug_str     0x0000000000002a06      0x120 build/stm32f0xx_hal_gpio.o
                                        0x844 (size before relaxing)
 .debug_str     0x0000000000002b26      0x1cd build/stm32f0xx_hal_cortex.o
                                        0x9ea (size before relaxing)
 .debug_str     0x0000000000002cf3       0x5c build/stm32f0xx_it.o
                                        0x63f (size before relaxing)
 .debug_str     0x0000000000002d4f      0x795 build/stm32f0xx_hal_i2c.o
                                       0x12a7 (size before relaxing)
 .debug_str     0x00000000000034e4      0x2b1 build/syscalls.o
                                        0x8aa (size before relaxing)
 .debug_str     0x0000000000003795      0x2f1 build/main.o
                                       0x1a4e (size before relaxing)
 .debug_str     0x0000000000003a86      0x49a build/stm32f0xx_hal_tim_ex.o
                                       0x1031 (size before relaxing)
 .debug_str     0x0000000000003f20      0x5a3 build/stm32f0xx_hal_uart.o
                                       0x1192 (size before relaxing)
 .debug_str     0x00000000000044c3       0x36 build/stm32f0xx_hal_iwdg.o
                                        0x6cb (size before relaxing)

.comment        0x0000000000000000       0x7f
 .comment       0x0000000000000000       0x7f build/stm32f0xx_hal_adc.o
                                         0x80 (size before relaxing)
 .comment       0x000000000000007f       0x80 build/stm32f0xx_hal_rcc_ex.o
 .comment       0x000000000000007f       0x80 build/stm32f0xx_hal.o
 .comment       0x000000000000007f       0x80 build/stm32f0xx_hal_rcc.o
 .comment       0x000000000000007f       0x80 build/stm32f0xx_hal_tim.o
 .comment       0x000000000000007f       0x80 build/system_stm32f0xx.o
 .comment       0x000000000000007f       0x80 build/stm32f0xx_hal_msp.o
 .comment       0x000000000000007f       0x80 build/stm32f0xx_hal_i2c_ex.o
 .comment       0x000000000000007f       0x80 build/stm32f0xx_hal_gpio.o
 .comment       0x000000000000007f       0x80 build/stm32f0xx_hal_cortex.o
 .comment       0x000000000000007f       0x80 build/stm32f0xx_it.o
 .comment       0x000000000000007f       0x80 build/stm32f0xx_hal_i2c.o
 .comment       0x000000000000007f       0x80 build/syscalls.o
 .comment       0x000000000000007f       0x80 build/main.o
 .comment       0x000000000000007f       0x80 build/stm32f0xx_hal_tim_ex.o
 .comment       0x000000000000007f       0x80 build/stm32f0xx_hal_uart.o
 .comment       0x000000000000007f       0x80 build/stm32f0xx_hal_iwdg.o

.debug_frame    0x0000000000000000     0x3370
 .debug_frame   0x0000000000000000      0x338 build/stm32f0xx_hal_adc.o
 .debug_frame   0x0000000000000338       0x64 build/stm32f0xx_hal_rcc_ex.o
 .debug_frame   0x000000000000039c      0x18c build/stm32f0xx_hal.o
 .debug_frame   0x0000000000000528      0x154 build/stm32f0xx_hal_rcc.o
 .debug_frame   0x000000000000067c      0xa78 build/stm32f0xx_hal_tim.o
 .debug_frame   0x00000000000010f4       0x40 build/system_stm32f0xx.o
 .debug_frame   0x0000000000001134      0x150 build/stm32f0xx_hal_msp.o
 .debug_frame   0x0000000000001284       0x98 build/stm32f0xx_hal_i2c_ex.o
 .debug_frame   0x000000000000131c       0xd4 build/stm32f0xx_hal_gpio.o
 .debug_frame   0x00000000000013f0       0xec build/stm32f0xx_hal_cortex.o
 .debug_frame   0x00000000000014dc       0x6c build/stm32f0xx_it.o
 .debug_frame   0x0000000000001548      0x8f4 build/stm32f0xx_hal_i2c.o
 .debug_frame   0x0000000000001e3c      0x180 build/syscalls.o
 .debug_frame   0x0000000000001fbc      0x218 build/main.o
 .debug_frame   0x00000000000021d4      0x3fc build/stm32f0xx_hal_tim_ex.o
 .debug_frame   0x00000000000025d0      0x5cc build/stm32f0xx_hal_uart.o
 .debug_frame   0x0000000000002b9c       0x40 build/stm32f0xx_hal_iwdg.o
 .debug_frame   0x0000000000002bdc       0x2c /home/arthurdent/Programs/gcc-arm-none-eabi-6-2017-q1-update/bin/../lib/gcc/arm-none-eabi/6.3.1/../../../../arm-none-eabi/lib/thumb/v6-m/libc_nano.a(lib_a-init.o)
 .debug_frame   0x0000000000002c08       0x28 /home/arthurdent/Programs/gcc-arm-none-eabi-6-2017-q1-update/bin/../lib/gcc/arm-none-eabi/6.3.1/../../../../arm-none-eabi/lib/thumb/v6-m/libc_nano.a(lib_a-memcpy-stub.o)
 .debug_frame   0x0000000000002c30       0x20 /home/arthurdent/Programs/gcc-arm-none-eabi-6-2017-q1-update/bin/../lib/gcc/arm-none-eabi/6.3.1/../../../../arm-none-eabi/lib/thumb/v6-m/libc_nano.a(lib_a-memset.o)
 .debug_frame   0x0000000000002c50       0x50 /home/arthurdent/Programs/gcc-arm-none-eabi-6-2017-q1-update/bin/../lib/gcc/arm-none-eabi/6.3.1/../../../../arm-none-eabi/lib/thumb/v6-m/libc_nano.a(lib_a-printf.o)
 .debug_frame   0x0000000000002ca0       0x44 /home/arthurdent/Programs/gcc-arm-none-eabi-6-2017-q1-update/bin/../lib/gcc/arm-none-eabi/6.3.1/../../../../arm-none-eabi/lib/thumb/v6-m/libc_nano.a(lib_a-puts.o)
 .debug_frame   0x0000000000002ce4       0x48 /home/arthurdent/Programs/gcc-arm-none-eabi-6-2017-q1-update/bin/../lib/gcc/arm-none-eabi/6.3.1/../../../../arm-none-eabi/lib/thumb/v6-m/libc_nano.a(lib_a-reent.o)
 .debug_frame   0x0000000000002d2c       0x48 /home/arthurdent/Programs/gcc-arm-none-eabi-6-2017-q1-update/bin/../lib/gcc/arm-none-eabi/6.3.1/../../../../arm-none-eabi/lib/thumb/v6-m/libc_nano.a(lib_a-wbuf.o)
 .debug_frame   0x0000000000002d74       0x2c /home/arthurdent/Programs/gcc-arm-none-eabi-6-2017-q1-update/bin/../lib/gcc/arm-none-eabi/6.3.1/../../../../arm-none-eabi/lib/thumb/v6-m/libc_nano.a(lib_a-wsetup.o)
 .debug_frame   0x0000000000002da0       0x68 /home/arthurdent/Programs/gcc-arm-none-eabi-6-2017-q1-update/bin/../lib/gcc/arm-none-eabi/6.3.1/../../../../arm-none-eabi/lib/thumb/v6-m/libc_nano.a(lib_a-fflush.o)
 .debug_frame   0x0000000000002e08      0x140 /home/arthurdent/Programs/gcc-arm-none-eabi-6-2017-q1-update/bin/../lib/gcc/arm-none-eabi/6.3.1/../../../../arm-none-eabi/lib/thumb/v6-m/libc_nano.a(lib_a-findfp.o)
 .debug_frame   0x0000000000002f48       0x58 /home/arthurdent/Programs/gcc-arm-none-eabi-6-2017-q1-update/bin/../lib/gcc/arm-none-eabi/6.3.1/../../../../arm-none-eabi/lib/thumb/v6-m/libc_nano.a(lib_a-fwalk.o)
 .debug_frame   0x0000000000002fa0       0x54 /home/arthurdent/Programs/gcc-arm-none-eabi-6-2017-q1-update/bin/../lib/gcc/arm-none-eabi/6.3.1/../../../../arm-none-eabi/lib/thumb/v6-m/libc_nano.a(lib_a-makebuf.o)
 .debug_frame   0x0000000000002ff4       0x2c /home/arthurdent/Programs/gcc-arm-none-eabi-6-2017-q1-update/bin/../lib/gcc/arm-none-eabi/6.3.1/../../../../arm-none-eabi/lib/thumb/v6-m/libc_nano.a(lib_a-nano-freer.o)
 .debug_frame   0x0000000000003020       0x2c /home/arthurdent/Programs/gcc-arm-none-eabi-6-2017-q1-update/bin/../lib/gcc/arm-none-eabi/6.3.1/../../../../arm-none-eabi/lib/thumb/v6-m/libc_nano.a(lib_a-nano-mallocr.o)
 .debug_frame   0x000000000000304c       0x9c /home/arthurdent/Programs/gcc-arm-none-eabi-6-2017-q1-update/bin/../lib/gcc/arm-none-eabi/6.3.1/../../../../arm-none-eabi/lib/thumb/v6-m/libc_nano.a(lib_a-nano-vfprintf.o)
 .debug_frame   0x00000000000030e8       0x54 /home/arthurdent/Programs/gcc-arm-none-eabi-6-2017-q1-update/bin/../lib/gcc/arm-none-eabi/6.3.1/../../../../arm-none-eabi/lib/thumb/v6-m/libc_nano.a(lib_a-nano-vfprintf_i.o)
 .debug_frame   0x000000000000313c       0x2c /home/arthurdent/Programs/gcc-arm-none-eabi-6-2017-q1-update/bin/../lib/gcc/arm-none-eabi/6.3.1/../../../../arm-none-eabi/lib/thumb/v6-m/libc_nano.a(lib_a-sbrkr.o)
 .debug_frame   0x0000000000003168       0x90 /home/arthurdent/Programs/gcc-arm-none-eabi-6-2017-q1-update/bin/../lib/gcc/arm-none-eabi/6.3.1/../../../../arm-none-eabi/lib/thumb/v6-m/libc_nano.a(lib_a-stdio.o)
 .debug_frame   0x00000000000031f8       0x2c /home/arthurdent/Programs/gcc-arm-none-eabi-6-2017-q1-update/bin/../lib/gcc/arm-none-eabi/6.3.1/../../../../arm-none-eabi/lib/thumb/v6-m/libc_nano.a(lib_a-writer.o)
 .debug_frame   0x0000000000003224       0x2c /home/arthurdent/Programs/gcc-arm-none-eabi-6-2017-q1-update/bin/../lib/gcc/arm-none-eabi/6.3.1/../../../../arm-none-eabi/lib/thumb/v6-m/libc_nano.a(lib_a-closer.o)
 .debug_frame   0x0000000000003250       0x2c /home/arthurdent/Programs/gcc-arm-none-eabi-6-2017-q1-update/bin/../lib/gcc/arm-none-eabi/6.3.1/../../../../arm-none-eabi/lib/thumb/v6-m/libc_nano.a(lib_a-fstatr.o)
 .debug_frame   0x000000000000327c       0x2c /home/arthurdent/Programs/gcc-arm-none-eabi-6-2017-q1-update/bin/../lib/gcc/arm-none-eabi/6.3.1/../../../../arm-none-eabi/lib/thumb/v6-m/libc_nano.a(lib_a-isattyr.o)
 .debug_frame   0x00000000000032a8       0x2c /home/arthurdent/Programs/gcc-arm-none-eabi-6-2017-q1-update/bin/../lib/gcc/arm-none-eabi/6.3.1/../../../../arm-none-eabi/lib/thumb/v6-m/libc_nano.a(lib_a-lseekr.o)
 .debug_frame   0x00000000000032d4       0x20 /home/arthurdent/Programs/gcc-arm-none-eabi-6-2017-q1-update/bin/../lib/gcc/arm-none-eabi/6.3.1/../../../../arm-none-eabi/lib/thumb/v6-m/libc_nano.a(lib_a-memchr-stub.o)
 .debug_frame   0x00000000000032f4       0x30 /home/arthurdent/Programs/gcc-arm-none-eabi-6-2017-q1-update/bin/../lib/gcc/arm-none-eabi/6.3.1/../../../../arm-none-eabi/lib/thumb/v6-m/libc_nano.a(lib_a-mlock.o)
 .debug_frame   0x0000000000003324       0x2c /home/arthurdent/Programs/gcc-arm-none-eabi-6-2017-q1-update/bin/../lib/gcc/arm-none-eabi/6.3.1/../../../../arm-none-eabi/lib/thumb/v6-m/libc_nano.a(lib_a-readr.o)
 .debug_frame   0x0000000000003350       0x20 /home/arthurdent/Programs/gcc-arm-none-eabi-6-2017-q1-update/bin/../lib/gcc/arm-none-eabi/6.3.1/thumb/v6-m/libgcc.a(_udivsi3.o)

Cross Reference Table

Symbol                                            File
ADC1_IRQHandler                                   build/startup_stm32f030x6.o
AHBPrescTable                                     build/system_stm32f0xx.o
                                                  build/stm32f0xx_hal_rcc.o
APBPrescTable                                     build/system_stm32f0xx.o
                                                  build/stm32f0xx_hal_rcc.o
DMA1_Channel1_IRQHandler                          build/startup_stm32f030x6.o
DMA1_Channel2_3_IRQHandler                        build/startup_stm32f030x6.o
DMA1_Channel4_5_IRQHandler                        build/startup_stm32f030x6.o
Default_Handler                                   build/startup_stm32f030x6.o
EXTI0_1_IRQHandler                                build/startup_stm32f030x6.o
EXTI2_3_IRQHandler                                build/startup_stm32f030x6.o
EXTI4_15_IRQHandler                               build/startup_stm32f030x6.o
FLASH_IRQHandler                                  build/startup_stm32f030x6.o
FLASH_PageErase                                   build/stm32f0xx_hal_flash_ex.o
                                                  build/stm32f0xx_hal_flash.o
FLASH_WaitForLastOperation                        build/stm32f0xx_hal_flash.o
                                                  build/stm32f0xx_hal_flash_ex.o
HAL_ADCEx_Calibration_Start                       build/stm32f0xx_hal_adc_ex.o
HAL_ADC_AnalogWDGConfig                           build/stm32f0xx_hal_adc.o
HAL_ADC_ConfigChannel                             build/stm32f0xx_hal_adc.o
                                                  build/main.o
HAL_ADC_ConvCpltCallback                          build/stm32f0xx_hal_adc.o
HAL_ADC_ConvHalfCpltCallback                      build/stm32f0xx_hal_adc.o
HAL_ADC_DeInit                                    build/stm32f0xx_hal_adc.o
                                                  build/main.o
HAL_ADC_ErrorCallback                             build/stm32f0xx_hal_adc.o
HAL_ADC_GetError                                  build/stm32f0xx_hal_adc.o
HAL_ADC_GetState                                  build/stm32f0xx_hal_adc.o
HAL_ADC_GetValue                                  build/stm32f0xx_hal_adc.o
                                                  build/main.o
HAL_ADC_IRQHandler                                build/stm32f0xx_hal_adc.o
HAL_ADC_Init                                      build/stm32f0xx_hal_adc.o
                                                  build/main.o
HAL_ADC_LevelOutOfWindowCallback                  build/stm32f0xx_hal_adc.o
HAL_ADC_MspDeInit                                 build/stm32f0xx_hal_msp.o
                                                  build/stm32f0xx_hal_adc.o
HAL_ADC_MspInit                                   build/stm32f0xx_hal_msp.o
                                                  build/stm32f0xx_hal_adc.o
HAL_ADC_PollForConversion                         build/stm32f0xx_hal_adc.o
                                                  build/main.o
HAL_ADC_PollForEvent                              build/stm32f0xx_hal_adc.o
HAL_ADC_Start                                     build/stm32f0xx_hal_adc.o
                                                  build/main.o
HAL_ADC_Start_DMA                                 build/stm32f0xx_hal_adc.o
HAL_ADC_Start_IT                                  build/stm32f0xx_hal_adc.o
HAL_ADC_Stop                                      build/stm32f0xx_hal_adc.o
HAL_ADC_Stop_DMA                                  build/stm32f0xx_hal_adc.o
HAL_ADC_Stop_IT                                   build/stm32f0xx_hal_adc.o
HAL_DBGMCU_DisableDBGStandbyMode                  build/stm32f0xx_hal.o
HAL_DBGMCU_DisableDBGStopMode                     build/stm32f0xx_hal.o
HAL_DBGMCU_EnableDBGStandbyMode                   build/stm32f0xx_hal.o
HAL_DBGMCU_EnableDBGStopMode                      build/stm32f0xx_hal.o
HAL_DMA_Abort                                     build/stm32f0xx_hal_dma.o
                                                  build/stm32f0xx_hal_uart.o
                                                  build/stm32f0xx_hal_tim.o
                                                  build/stm32f0xx_hal_adc.o
HAL_DMA_Abort_IT                                  build/stm32f0xx_hal_dma.o
                                                  build/stm32f0xx_hal_uart.o
                                                  build/stm32f0xx_hal_i2c.o
HAL_DMA_DeInit                                    build/stm32f0xx_hal_dma.o
HAL_DMA_GetError                                  build/stm32f0xx_hal_dma.o
HAL_DMA_GetState                                  build/stm32f0xx_hal_dma.o
HAL_DMA_IRQHandler                                build/stm32f0xx_hal_dma.o
HAL_DMA_Init                                      build/stm32f0xx_hal_dma.o
HAL_DMA_PollForTransfer                           build/stm32f0xx_hal_dma.o
HAL_DMA_RegisterCallback                          build/stm32f0xx_hal_dma.o
HAL_DMA_Start                                     build/stm32f0xx_hal_dma.o
HAL_DMA_Start_IT                                  build/stm32f0xx_hal_dma.o
                                                  build/stm32f0xx_hal_uart.o
                                                  build/stm32f0xx_hal_tim_ex.o
                                                  build/stm32f0xx_hal_i2c.o
                                                  build/stm32f0xx_hal_tim.o
                                                  build/stm32f0xx_hal_adc.o
HAL_DMA_UnRegisterCallback                        build/stm32f0xx_hal_dma.o
HAL_DeInit                                        build/stm32f0xx_hal.o
HAL_Delay                                         build/stm32f0xx_hal.o
                                                  build/main.o
HAL_FLASHEx_Erase                                 build/stm32f0xx_hal_flash_ex.o
HAL_FLASHEx_Erase_IT                              build/stm32f0xx_hal_flash_ex.o
HAL_FLASHEx_OBErase                               build/stm32f0xx_hal_flash_ex.o
HAL_FLASHEx_OBGetConfig                           build/stm32f0xx_hal_flash_ex.o
HAL_FLASHEx_OBGetUserData                         build/stm32f0xx_hal_flash_ex.o
HAL_FLASHEx_OBProgram                             build/stm32f0xx_hal_flash_ex.o
HAL_FLASH_EndOfOperationCallback                  build/stm32f0xx_hal_flash.o
HAL_FLASH_GetError                                build/stm32f0xx_hal_flash.o
HAL_FLASH_IRQHandler                              build/stm32f0xx_hal_flash.o
HAL_FLASH_Lock                                    build/stm32f0xx_hal_flash.o
HAL_FLASH_OB_Launch                               build/stm32f0xx_hal_flash.o
HAL_FLASH_OB_Lock                                 build/stm32f0xx_hal_flash.o
HAL_FLASH_OB_Unlock                               build/stm32f0xx_hal_flash.o
HAL_FLASH_OperationErrorCallback                  build/stm32f0xx_hal_flash.o
HAL_FLASH_Program                                 build/stm32f0xx_hal_flash.o
HAL_FLASH_Program_IT                              build/stm32f0xx_hal_flash.o
HAL_FLASH_Unlock                                  build/stm32f0xx_hal_flash.o
HAL_GPIO_DeInit                                   build/stm32f0xx_hal_gpio.o
                                                  build/stm32f0xx_hal_msp.o
HAL_GPIO_EXTI_Callback                            build/stm32f0xx_hal_gpio.o
HAL_GPIO_EXTI_IRQHandler                          build/stm32f0xx_hal_gpio.o
HAL_GPIO_Init                                     build/stm32f0xx_hal_gpio.o
                                                  build/main.o
                                                  build/stm32f0xx_hal_msp.o
                                                  build/stm32f0xx_hal_rcc.o
HAL_GPIO_LockPin                                  build/stm32f0xx_hal_gpio.o
HAL_GPIO_ReadPin                                  build/stm32f0xx_hal_gpio.o
HAL_GPIO_TogglePin                                build/stm32f0xx_hal_gpio.o
HAL_GPIO_WritePin                                 build/stm32f0xx_hal_gpio.o
                                                  build/main.o
HAL_GetDEVID                                      build/stm32f0xx_hal.o
HAL_GetHalVersion                                 build/stm32f0xx_hal.o
HAL_GetREVID                                      build/stm32f0xx_hal.o
HAL_GetTick                                       build/stm32f0xx_hal.o
                                                  build/stm32f0xx_hal_iwdg.o
                                                  build/stm32f0xx_hal_uart.o
                                                  build/stm32f0xx_hal_i2c.o
                                                  build/stm32f0xx_hal_rcc.o
                                                  build/stm32f0xx_hal_adc_ex.o
                                                  build/stm32f0xx_hal_flash.o
                                                  build/stm32f0xx_hal_dma.o
                                                  build/stm32f0xx_hal_rcc_ex.o
                                                  build/stm32f0xx_hal_adc.o
HAL_GetUIDw0                                      build/stm32f0xx_hal.o
HAL_GetUIDw1                                      build/stm32f0xx_hal.o
HAL_GetUIDw2                                      build/stm32f0xx_hal.o
HAL_HalfDuplex_EnableReceiver                     build/stm32f0xx_hal_uart.o
HAL_HalfDuplex_EnableTransmitter                  build/stm32f0xx_hal_uart.o
HAL_HalfDuplex_Init                               build/stm32f0xx_hal_uart.o
                                                  build/main.o
HAL_I2CEx_ConfigAnalogFilter                      build/stm32f0xx_hal_i2c_ex.o
                                                  build/main.o
HAL_I2CEx_ConfigDigitalFilter                     build/stm32f0xx_hal_i2c_ex.o
                                                  build/main.o
HAL_I2CEx_DisableFastModePlus                     build/stm32f0xx_hal_i2c_ex.o
HAL_I2CEx_EnableFastModePlus                      build/stm32f0xx_hal_i2c_ex.o
HAL_I2C_AbortCpltCallback                         build/stm32f0xx_hal_i2c.o
HAL_I2C_AddrCallback                              build/stm32f0xx_hal_i2c.o
HAL_I2C_DeInit                                    build/stm32f0xx_hal_i2c.o
HAL_I2C_DisableListen_IT                          build/stm32f0xx_hal_i2c.o
HAL_I2C_ER_IRQHandler                             build/stm32f0xx_hal_i2c.o
HAL_I2C_EV_IRQHandler                             build/stm32f0xx_hal_i2c.o
HAL_I2C_EnableListen_IT                           build/stm32f0xx_hal_i2c.o
HAL_I2C_ErrorCallback                             build/stm32f0xx_hal_i2c.o
HAL_I2C_GetError                                  build/stm32f0xx_hal_i2c.o
HAL_I2C_GetMode                                   build/stm32f0xx_hal_i2c.o
HAL_I2C_GetState                                  build/stm32f0xx_hal_i2c.o
HAL_I2C_Init                                      build/stm32f0xx_hal_i2c.o
                                                  build/main.o
HAL_I2C_IsDeviceReady                             build/stm32f0xx_hal_i2c.o
HAL_I2C_ListenCpltCallback                        build/stm32f0xx_hal_i2c.o
HAL_I2C_MasterRxCpltCallback                      build/stm32f0xx_hal_i2c.o
HAL_I2C_MasterTxCpltCallback                      build/stm32f0xx_hal_i2c.o
HAL_I2C_Master_Abort_IT                           build/stm32f0xx_hal_i2c.o
HAL_I2C_Master_Receive                            build/stm32f0xx_hal_i2c.o
HAL_I2C_Master_Receive_DMA                        build/stm32f0xx_hal_i2c.o
HAL_I2C_Master_Receive_IT                         build/stm32f0xx_hal_i2c.o
HAL_I2C_Master_Sequential_Receive_IT              build/stm32f0xx_hal_i2c.o
HAL_I2C_Master_Sequential_Transmit_IT             build/stm32f0xx_hal_i2c.o
HAL_I2C_Master_Transmit                           build/stm32f0xx_hal_i2c.o
HAL_I2C_Master_Transmit_DMA                       build/stm32f0xx_hal_i2c.o
HAL_I2C_Master_Transmit_IT                        build/stm32f0xx_hal_i2c.o
HAL_I2C_MemRxCpltCallback                         build/stm32f0xx_hal_i2c.o
HAL_I2C_MemTxCpltCallback                         build/stm32f0xx_hal_i2c.o
HAL_I2C_Mem_Read                                  build/stm32f0xx_hal_i2c.o
HAL_I2C_Mem_Read_DMA                              build/stm32f0xx_hal_i2c.o
HAL_I2C_Mem_Read_IT                               build/stm32f0xx_hal_i2c.o
HAL_I2C_Mem_Write                                 build/stm32f0xx_hal_i2c.o
HAL_I2C_Mem_Write_DMA                             build/stm32f0xx_hal_i2c.o
HAL_I2C_Mem_Write_IT                              build/stm32f0xx_hal_i2c.o
HAL_I2C_MspDeInit                                 build/stm32f0xx_hal_msp.o
HAL_I2C_MspInit                                   build/stm32f0xx_hal_msp.o
HAL_I2C_SlaveRxCpltCallback                       build/stm32f0xx_hal_i2c.o
HAL_I2C_SlaveTxCpltCallback                       build/stm32f0xx_hal_i2c.o
HAL_I2C_Slave_Receive                             build/stm32f0xx_hal_i2c.o
                                                  build/main.o
HAL_I2C_Slave_Receive_DMA                         build/stm32f0xx_hal_i2c.o
HAL_I2C_Slave_Receive_IT                          build/stm32f0xx_hal_i2c.o
HAL_I2C_Slave_Sequential_Receive_IT               build/stm32f0xx_hal_i2c.o
HAL_I2C_Slave_Sequential_Transmit_IT              build/stm32f0xx_hal_i2c.o
HAL_I2C_Slave_Transmit                            build/stm32f0xx_hal_i2c.o
                                                  build/main.o
HAL_I2C_Slave_Transmit_DMA                        build/stm32f0xx_hal_i2c.o
HAL_I2C_Slave_Transmit_IT                         build/stm32f0xx_hal_i2c.o
HAL_IWDG_Init                                     build/stm32f0xx_hal_iwdg.o
                                                  build/main.o
HAL_IWDG_Refresh                                  build/stm32f0xx_hal_iwdg.o
                                                  build/main.o
HAL_IncTick                                       build/stm32f0xx_hal.o
                                                  build/stm32f0xx_it.o
HAL_Init                                          build/stm32f0xx_hal.o
                                                  build/main.o
HAL_InitTick                                      build/stm32f0xx_hal.o
                                                  build/stm32f0xx_hal_rcc.o
HAL_MspDeInit                                     build/stm32f0xx_hal.o
HAL_MspInit                                       build/stm32f0xx_hal_msp.o
                                                  build/stm32f0xx_hal.o
HAL_MultiProcessorEx_AddressLength_Set            build/stm32f0xx_hal_uart_ex.o
HAL_MultiProcessor_DisableMuteMode                build/stm32f0xx_hal_uart.o
HAL_MultiProcessor_EnableMuteMode                 build/stm32f0xx_hal_uart.o
HAL_MultiProcessor_EnterMuteMode                  build/stm32f0xx_hal_uart.o
HAL_MultiProcessor_Init                           build/stm32f0xx_hal_uart.o
HAL_NVIC_ClearPendingIRQ                          build/stm32f0xx_hal_cortex.o
HAL_NVIC_DisableIRQ                               build/stm32f0xx_hal_cortex.o
HAL_NVIC_EnableIRQ                                build/stm32f0xx_hal_cortex.o
HAL_NVIC_GetPendingIRQ                            build/stm32f0xx_hal_cortex.o
HAL_NVIC_GetPriority                              build/stm32f0xx_hal_cortex.o
HAL_NVIC_SetPendingIRQ                            build/stm32f0xx_hal_cortex.o
HAL_NVIC_SetPriority                              build/stm32f0xx_hal_cortex.o
                                                  build/main.o
                                                  build/stm32f0xx_hal_msp.o
                                                  build/stm32f0xx_hal.o
HAL_NVIC_SystemReset                              build/stm32f0xx_hal_cortex.o
HAL_PWR_DeInit                                    build/stm32f0xx_hal_pwr.o
HAL_PWR_DisableBkUpAccess                         build/stm32f0xx_hal_pwr.o
HAL_PWR_DisableSEVOnPend                          build/stm32f0xx_hal_pwr.o
HAL_PWR_DisableSleepOnExit                        build/stm32f0xx_hal_pwr.o
HAL_PWR_DisableWakeUpPin                          build/stm32f0xx_hal_pwr.o
HAL_PWR_EnableBkUpAccess                          build/stm32f0xx_hal_pwr.o
HAL_PWR_EnableSEVOnPend                           build/stm32f0xx_hal_pwr.o
HAL_PWR_EnableSleepOnExit                         build/stm32f0xx_hal_pwr.o
HAL_PWR_EnableWakeUpPin                           build/stm32f0xx_hal_pwr.o
HAL_PWR_EnterSLEEPMode                            build/stm32f0xx_hal_pwr.o
HAL_PWR_EnterSTANDBYMode                          build/stm32f0xx_hal_pwr.o
HAL_PWR_EnterSTOPMode                             build/stm32f0xx_hal_pwr.o
HAL_RCCEx_GetPeriphCLKConfig                      build/stm32f0xx_hal_rcc_ex.o
HAL_RCCEx_GetPeriphCLKFreq                        build/stm32f0xx_hal_rcc_ex.o
HAL_RCCEx_PeriphCLKConfig                         build/stm32f0xx_hal_rcc_ex.o
                                                  build/main.o
HAL_RCC_CSSCallback                               build/stm32f0xx_hal_rcc.o
HAL_RCC_ClockConfig                               build/stm32f0xx_hal_rcc.o
                                                  build/main.o
HAL_RCC_DeInit                                    build/stm32f0xx_hal_rcc.o
HAL_RCC_DisableCSS                                build/stm32f0xx_hal_rcc.o
HAL_RCC_EnableCSS                                 build/stm32f0xx_hal_rcc.o
HAL_RCC_GetClockConfig                            build/stm32f0xx_hal_rcc.o
HAL_RCC_GetHCLKFreq                               build/stm32f0xx_hal_rcc.o
                                                  build/main.o
                                                  build/stm32f0xx_hal.o
HAL_RCC_GetOscConfig                              build/stm32f0xx_hal_rcc.o
HAL_RCC_GetPCLK1Freq                              build/stm32f0xx_hal_rcc.o
                                                  build/stm32f0xx_hal_uart.o
                                                  build/stm32f0xx_hal_rcc_ex.o
HAL_RCC_GetSysClockFreq                           build/stm32f0xx_hal_rcc.o
                                                  build/stm32f0xx_hal_uart.o
                                                  build/stm32f0xx_hal_rcc_ex.o
HAL_RCC_MCOConfig                                 build/stm32f0xx_hal_rcc.o
HAL_RCC_NMI_IRQHandler                            build/stm32f0xx_hal_rcc.o
HAL_RCC_OscConfig                                 build/stm32f0xx_hal_rcc.o
                                                  build/main.o
HAL_RS485Ex_Init                                  build/stm32f0xx_hal_uart_ex.o
HAL_ResumeTick                                    build/stm32f0xx_hal.o
HAL_SYSTICK_CLKSourceConfig                       build/stm32f0xx_hal_cortex.o
                                                  build/main.o
HAL_SYSTICK_Callback                              build/stm32f0xx_hal_cortex.o
HAL_SYSTICK_Config                                build/stm32f0xx_hal_cortex.o
                                                  build/main.o
                                                  build/stm32f0xx_hal.o
HAL_SYSTICK_IRQHandler                            build/stm32f0xx_hal_cortex.o
                                                  build/stm32f0xx_it.o
HAL_SuspendTick                                   build/stm32f0xx_hal.o
HAL_TIMEx_BreakCallback                           build/stm32f0xx_hal_tim_ex.o
                                                  build/stm32f0xx_hal_tim.o
HAL_TIMEx_CommutationCallback                     build/stm32f0xx_hal_tim_ex.o
                                                  build/stm32f0xx_hal_tim.o
HAL_TIMEx_ConfigBreakDeadTime                     build/stm32f0xx_hal_tim_ex.o
HAL_TIMEx_ConfigCommutationEvent                  build/stm32f0xx_hal_tim_ex.o
HAL_TIMEx_ConfigCommutationEvent_DMA              build/stm32f0xx_hal_tim_ex.o
HAL_TIMEx_ConfigCommutationEvent_IT               build/stm32f0xx_hal_tim_ex.o
HAL_TIMEx_HallSensor_DeInit                       build/stm32f0xx_hal_tim_ex.o
HAL_TIMEx_HallSensor_GetState                     build/stm32f0xx_hal_tim_ex.o
HAL_TIMEx_HallSensor_Init                         build/stm32f0xx_hal_tim_ex.o
HAL_TIMEx_HallSensor_MspDeInit                    build/stm32f0xx_hal_tim_ex.o
HAL_TIMEx_HallSensor_MspInit                      build/stm32f0xx_hal_tim_ex.o
HAL_TIMEx_HallSensor_Start                        build/stm32f0xx_hal_tim_ex.o
HAL_TIMEx_HallSensor_Start_DMA                    build/stm32f0xx_hal_tim_ex.o
HAL_TIMEx_HallSensor_Start_IT                     build/stm32f0xx_hal_tim_ex.o
HAL_TIMEx_HallSensor_Stop                         build/stm32f0xx_hal_tim_ex.o
HAL_TIMEx_HallSensor_Stop_DMA                     build/stm32f0xx_hal_tim_ex.o
HAL_TIMEx_HallSensor_Stop_IT                      build/stm32f0xx_hal_tim_ex.o
HAL_TIMEx_MasterConfigSynchronization             build/stm32f0xx_hal_tim_ex.o
                                                  build/main.o
HAL_TIMEx_OCN_Start                               build/stm32f0xx_hal_tim_ex.o
HAL_TIMEx_OCN_Start_DMA                           build/stm32f0xx_hal_tim_ex.o
HAL_TIMEx_OCN_Start_IT                            build/stm32f0xx_hal_tim_ex.o
HAL_TIMEx_OCN_Stop                                build/stm32f0xx_hal_tim_ex.o
HAL_TIMEx_OCN_Stop_DMA                            build/stm32f0xx_hal_tim_ex.o
HAL_TIMEx_OCN_Stop_IT                             build/stm32f0xx_hal_tim_ex.o
HAL_TIMEx_OnePulseN_Start                         build/stm32f0xx_hal_tim_ex.o
HAL_TIMEx_OnePulseN_Start_IT                      build/stm32f0xx_hal_tim_ex.o
HAL_TIMEx_OnePulseN_Stop                          build/stm32f0xx_hal_tim_ex.o
HAL_TIMEx_OnePulseN_Stop_IT                       build/stm32f0xx_hal_tim_ex.o
HAL_TIMEx_PWMN_Start                              build/stm32f0xx_hal_tim_ex.o
HAL_TIMEx_PWMN_Start_DMA                          build/stm32f0xx_hal_tim_ex.o
HAL_TIMEx_PWMN_Start_IT                           build/stm32f0xx_hal_tim_ex.o
HAL_TIMEx_PWMN_Stop                               build/stm32f0xx_hal_tim_ex.o
HAL_TIMEx_PWMN_Stop_DMA                           build/stm32f0xx_hal_tim_ex.o
HAL_TIMEx_PWMN_Stop_IT                            build/stm32f0xx_hal_tim_ex.o
HAL_TIMEx_RemapConfig                             build/stm32f0xx_hal_tim_ex.o
HAL_TIM_Base_DeInit                               build/stm32f0xx_hal_tim.o
HAL_TIM_Base_GetState                             build/stm32f0xx_hal_tim.o
HAL_TIM_Base_Init                                 build/stm32f0xx_hal_tim.o
                                                  build/main.o
HAL_TIM_Base_MspDeInit                            build/stm32f0xx_hal_msp.o
                                                  build/stm32f0xx_hal_tim.o
HAL_TIM_Base_MspInit                              build/stm32f0xx_hal_msp.o
                                                  build/stm32f0xx_hal_tim.o
HAL_TIM_Base_Start                                build/stm32f0xx_hal_tim.o
HAL_TIM_Base_Start_DMA                            build/stm32f0xx_hal_tim.o
HAL_TIM_Base_Start_IT                             build/stm32f0xx_hal_tim.o
HAL_TIM_Base_Stop                                 build/stm32f0xx_hal_tim.o
HAL_TIM_Base_Stop_DMA                             build/stm32f0xx_hal_tim.o
HAL_TIM_Base_Stop_IT                              build/stm32f0xx_hal_tim.o
HAL_TIM_ConfigClockSource                         build/stm32f0xx_hal_tim.o
                                                  build/main.o
HAL_TIM_ConfigOCrefClear                          build/stm32f0xx_hal_tim.o
HAL_TIM_ConfigTI1Input                            build/stm32f0xx_hal_tim.o
HAL_TIM_DMABurst_MultiReadStart                   build/stm32f0xx_hal_tim.o
HAL_TIM_DMABurst_MultiWriteStart                  build/stm32f0xx_hal_tim.o
HAL_TIM_DMABurst_ReadStart                        build/stm32f0xx_hal_tim.o
HAL_TIM_DMABurst_ReadStop                         build/stm32f0xx_hal_tim.o
HAL_TIM_DMABurst_WriteStart                       build/stm32f0xx_hal_tim.o
HAL_TIM_DMABurst_WriteStop                        build/stm32f0xx_hal_tim.o